Component: ARM Compiler 5.06 update 3 (build 300) Tool: armlink [4d35c9]

==============================================================================

Section Cross References

    startup_stm32g474xx.o(RESET) refers to startup_stm32g474xx.o(STACK) for __initial_sp
    startup_stm32g474xx.o(RESET) refers to startup_stm32g474xx.o(.text) for Reset_Handler
    startup_stm32g474xx.o(RESET) refers to stm32g4xx_it.o(i.NMI_Handler) for NMI_Handler
    startup_stm32g474xx.o(RESET) refers to stm32g4xx_it.o(i.HardFault_Handler) for HardFault_Handler
    startup_stm32g474xx.o(RESET) refers to stm32g4xx_it.o(i.MemManage_Handler) for MemManage_Handler
    startup_stm32g474xx.o(RESET) refers to stm32g4xx_it.o(i.BusFault_Handler) for BusFault_Handler
    startup_stm32g474xx.o(RESET) refers to stm32g4xx_it.o(i.UsageFault_Handler) for UsageFault_Handler
    startup_stm32g474xx.o(RESET) refers to stm32g4xx_it.o(i.SVC_Handler) for SVC_Handler
    startup_stm32g474xx.o(RESET) refers to stm32g4xx_it.o(i.DebugMon_Handler) for DebugMon_Handler
    startup_stm32g474xx.o(RESET) refers to stm32g4xx_it.o(i.PendSV_Handler) for PendSV_Handler
    startup_stm32g474xx.o(RESET) refers to stm32g4xx_it.o(i.SysTick_Handler) for SysTick_Handler
    startup_stm32g474xx.o(RESET) refers to usart.o(i.USART1_IRQHandler) for USART1_IRQHandler
    startup_stm32g474xx.o(.text) refers to system_stm32g4xx.o(i.SystemInit) for SystemInit
    startup_stm32g474xx.o(.text) refers to entry.o(.ARM.Collect$$$$00000000) for __main
    main.o(i.main) refers to stm32g4xx_hal.o(i.HAL_Init) for HAL_Init
    main.o(i.main) refers to sys.o(i.sys_stm32_clock_init) for sys_stm32_clock_init
    main.o(i.main) refers to delay.o(i.delay_init) for delay_init
    main.o(i.main) refers to usart.o(i.usart_init) for usart_init
    main.o(i.main) refers to key.o(i.key_init) for key_init
    main.o(i.main) refers to lcd.o(i.lcd_init) for lcd_init
    main.o(i.main) refers to atim.o(i.atim_timx_pwm_chy_init) for atim_timx_pwm_chy_init
    main.o(i.main) refers to printfa.o(i.__0printf) for __2printf
    main.o(i.main) refers to steering_engine.o(i.servo_angle_set) for servo_angle_set
    main.o(i.main) refers to delay.o(i.delay_ms) for delay_ms
    main.o(i.main) refers to main.o(i.parse_cmd) for parse_cmd
    main.o(i.main) refers to main.o(.data) for x
    main.o(i.main__) refers to stm32g4xx_hal.o(i.HAL_Init) for HAL_Init
    main.o(i.main__) refers to sys.o(i.sys_stm32_clock_init) for sys_stm32_clock_init
    main.o(i.main__) refers to delay.o(i.delay_init) for delay_init
    main.o(i.main__) refers to usart.o(i.usart_init) for usart_init
    main.o(i.main__) refers to led.o(i.led_init) for led_init
    main.o(i.main__) refers to key.o(i.key_init) for key_init
    main.o(i.main__) refers to lcd.o(i.lcd_init) for lcd_init
    main.o(i.main__) refers to atim.o(i.atim_timx_pwm_chy_init) for atim_timx_pwm_chy_init
    main.o(i.main__) refers to lcd.o(i.lcd_show_string) for lcd_show_string
    main.o(i.main__) refers to printfa.o(i.__0printf) for __2printf
    main.o(i.main__) refers to steering_engine.o(i.servo_angle_set) for servo_angle_set
    main.o(i.main__) refers to f2d.o(.text) for __aeabi_f2d
    main.o(i.main__) refers to printfa.o(i.__0sprintf) for __2sprintf
    main.o(i.main__) refers to key.o(i.key_scan) for key_scan
    main.o(i.main__) refers to stm32g4xx_hal_gpio.o(i.HAL_GPIO_TogglePin) for HAL_GPIO_TogglePin
    main.o(i.main__) refers to delay.o(i.delay_ms) for delay_ms
    main.o(i.main__) refers to main.o(.constdata) for .constdata
    main.o(i.parse_cmd) refers to _scanf_int.o(.text) for _scanf_int
    main.o(i.parse_cmd) refers to __0sscanf.o(.text) for __0sscanf
    main.o(i.parse_cmd) refers to printfa.o(i.__0printf) for __2printf
    main.o(i.parse_cmd) refers to memseta.o(.text) for __aeabi_memclr
    main.o(i.parse_cmd) refers to usart.o(.data) for g_usart_rx_sta
    main.o(i.parse_cmd) refers to usart.o(.bss) for g_usart_rx_buf
    main.o(i.parse_cmd) refers to main.o(.data) for x
    stm32g4xx_it.o(i.SysTick_Handler) refers to stm32g4xx_hal.o(i.HAL_IncTick) for HAL_IncTick
    system_stm32g4xx.o(i.SystemCoreClockUpdate) refers to system_stm32g4xx.o(.data) for SystemCoreClock
    system_stm32g4xx.o(i.SystemCoreClockUpdate) refers to system_stm32g4xx.o(.constdata) for AHBPrescTable
    delay.o(i.HAL_Delay) refers to delay.o(i.delay_ms) for delay_ms
    delay.o(i.delay_init) refers to stm32g4xx_hal_cortex.o(i.HAL_SYSTICK_CLKSourceConfig) for HAL_SYSTICK_CLKSourceConfig
    delay.o(i.delay_init) refers to delay.o(.data) for g_fac_us
    delay.o(i.delay_ms) refers to delay.o(i.delay_us) for delay_us
    delay.o(i.delay_us) refers to delay.o(.data) for g_fac_us
    sys.o(i.sys_stm32_clock_init) refers to memseta.o(.text) for __aeabi_memclr4
    sys.o(i.sys_stm32_clock_init) refers to stm32g4xx_hal_pwr_ex.o(i.HAL_PWREx_ControlVoltageScaling) for HAL_PWREx_ControlVoltageScaling
[...]
    Removing stm32g4xx_hal_spi.o(i.SPI_2linesTxISR_16BIT), (90 bytes).
    Removing stm32g4xx_hal_spi.o(i.SPI_2linesTxISR_8BIT), (118 bytes).
    Removing stm32g4xx_hal_spi.o(i.SPI_AbortRx_ISR), (156 bytes).
    Removing stm32g4xx_hal_spi.o(i.SPI_AbortTx_ISR), (264 bytes).
    Removing stm32g4xx_hal_spi.o(i.SPI_CloseRxTx_ISR), (136 bytes).
    Removing stm32g4xx_hal_spi.o(i.SPI_CloseRx_ISR), (102 bytes).
    Removing stm32g4xx_hal_spi.o(i.SPI_CloseTx_ISR), (94 bytes).
    Removing stm32g4xx_hal_spi.o(i.SPI_DMAAbortOnError), (22 bytes).
    Removing stm32g4xx_hal_spi.o(i.SPI_DMAError), (40 bytes).
    Removing stm32g4xx_hal_spi.o(i.SPI_DMAHalfReceiveCplt), (14 bytes).
    Removing stm32g4xx_hal_spi.o(i.SPI_DMAHalfTransmitCplt), (14 bytes).
    Removing stm32g4xx_hal_spi.o(i.SPI_DMAHalfTransmitReceiveCplt), (14 bytes).
    Removing stm32g4xx_hal_spi.o(i.SPI_DMAReceiveCplt), (258 bytes).
    Removing stm32g4xx_hal_spi.o(i.SPI_DMARxAbortCallback), (174 bytes).
    Removing stm32g4xx_hal_spi.o(i.SPI_DMATransmitCplt), (126 bytes).
    Removing stm32g4xx_hal_spi.o(i.SPI_DMATransmitReceiveCplt), (238 bytes).
    Removing stm32g4xx_hal_spi.o(i.SPI_DMATxAbortCallback), (170 bytes).
    Removing stm32g4xx_hal_spi.o(i.SPI_EndRxTransaction), (130 bytes).
    Removing stm32g4xx_hal_spi.o(i.SPI_RxISR_16BIT), (92 bytes).
    Removing stm32g4xx_hal_spi.o(i.SPI_RxISR_16BITCRC), (36 bytes).
    Removing stm32g4xx_hal_spi.o(i.SPI_RxISR_8BIT), (92 bytes).
    Removing stm32g4xx_hal_spi.o(i.SPI_RxISR_8BITCRC), (40 bytes).
    Removing stm32g4xx_hal_spi.o(i.SPI_TxISR_16BIT), (56 bytes).
    Removing stm32g4xx_hal_spi.o(i.SPI_TxISR_8BIT), (56 bytes).
    Removing stm32g4xx_hal_spi_ex.o(.rev16_text), (4 bytes).
    Removing stm32g4xx_hal_spi_ex.o(.revsh_text), (4 bytes).
    Removing stm32g4xx_hal_spi_ex.o(.rrx_text), (6 bytes).
    Removing stm32g4xx_hal_spi_ex.o(i.HAL_SPIEx_FlushRxFifo), (44 bytes).
    Removing led.o(.rev16_text), (4 bytes).
    Removing led.o(.revsh_text), (4 bytes).
    Removing led.o(.rrx_text), (6 bytes).
    Removing led.o(i.led_init), (140 bytes).
    Removing atim.o(.rev16_text), (4 bytes).
    Removing atim.o(.revsh_text), (4 bytes).
    Removing atim.o(.rrx_text), (6 bytes).
    Removing key.o(.rev16_text), (4 bytes).
    Removing key.o(.revsh_text), (4 bytes).
    Removing key.o(.rrx_text), (6 bytes).
    Removing key.o(i.key_scan), (168 bytes).
    Removing key.o(.data), (1 bytes).
    Removing lcd.o(.rev16_text), (4 bytes).
    Removing lcd.o(.revsh_text), (4 bytes).
    Removing lcd.o(.rrx_text), (6 bytes).
    Removing lcd.o(i.lcd_display_off), (24 bytes).
    Removing lcd.o(i.lcd_display_on), (24 bytes).
    Removing lcd.o(i.lcd_draw_circle), (198 bytes).
    Removing lcd.o(i.lcd_draw_color_point), (28 bytes).
    Removing lcd.o(i.lcd_draw_line), (292 bytes).
    Removing lcd.o(i.lcd_draw_point), (28 bytes).
    Removing lcd.o(i.lcd_draw_rectangle), (74 bytes).
    Removing lcd.o(i.lcd_fill), (156 bytes).
    Removing lcd.o(i.lcd_pow), (22 bytes).
    Removing lcd.o(i.lcd_show_char), (520 bytes).
    Removing lcd.o(i.lcd_show_image), (88 bytes).
    Removing lcd.o(i.lcd_show_num), (152 bytes).
    Removing lcd.o(i.lcd_show_string), (106 bytes).
    Removing lcd.o(i.lcd_show_xnum), (198 bytes).
    Removing lcd.o(i.lcd_write_halfword), (48 bytes).
    Removing lcd.o(.constdata), (19380 bytes).
    Removing lcd.o(.data), (4 bytes).
    Removing spi.o(.rev16_text), (4 bytes).
    Removing spi.o(.revsh_text), (4 bytes).
    Removing spi.o(.rrx_text), (6 bytes).
    Removing spi.o(i.spi1_set_speed), (72 bytes).
    Removing steering_engine.o(.rev16_text), (4 bytes).
    Removing steering_engine.o(.revsh_text), (4 bytes).
    Removing steering_engine.o(.rrx_text), (6 bytes).
    Removing f2d.o(.text), (38 bytes).

631 unused section(s) (total 83519 bytes) removed from the image.

==============================================================================

Image Symbol Table

    Local Symbols

    Symbol Name                              Value     Ov Type        Size  Object(Section)

    ../clib/microlib/ctype/ctype.c           0x00000000   Number         0  ctype_c.o ABSOLUTE
    ../clib/microlib/ctype/ctype.c           0x00000000   Number         0  isspace_c.o ABSOLUTE
    ../clib/microlib/division.c              0x00000000   Number         0  uldiv.o ABSOLUTE
    ../clib/microlib/division.c              0x00000000   Number         0  uidiv.o ABSOLUTE
    ../clib/microlib/init/entry.s            0x00000000   Number         0  entry8a.o ABSOLUTE
    ../clib/microlib/init/entry.s            0x00000000   Number         0  entry7a.o ABSOLUTE
    ../clib/microlib/init/entry.s            0x00000000   Number         0  entry5.o ABSOLUTE
    ../clib/microlib/init/entry.s            0x00000000   Number         0  entry10b.o ABSOLUTE
    ../clib/microlib/init/entry.s            0x00000000   Number         0  entry2.o ABSOLUTE
    ../clib/microlib/init/entry.s            0x00000000   Number         0  entry9b.o ABSOLUTE
    ../clib/microlib/init/entry.s            0x00000000   Number         0  entry10a.o ABSOLUTE
    ../clib/microlib/init/entry.s            0x00000000   Number         0  entry.o ABSOLUTE
    ../clib/microlib/init/entry.s            0x00000000   Number         0  entry7b.o ABSOLUTE
    ../clib/microlib/init/entry.s            0x00000000   Number         0  entry11a.o ABSOLUTE
    ../clib/microlib/init/entry.s            0x00000000   Number         0  entry11b.o ABSOLUTE
    ../clib/microlib/init/entry.s            0x00000000   Number         0  entry9a.o ABSOLUTE
    ../clib/microlib/init/entry.s            0x00000000   Number         0  entry8b.o ABSOLUTE
    ../clib/microlib/longlong.c              0x00000000   Number         0  llshl.o ABSOLUTE
    ../clib/microlib/longlong.c              0x00000000   Number         0  llsshr.o ABSOLUTE
    ../clib/microlib/longlong.c              0x00000000   Number         0  llushr.o ABSOLUTE
    ../clib/microlib/printf/printf.c         0x00000000   Number         0  printf1.o ABSOLUTE
    ../clib/microlib/printf/printf.c         0x00000000   Number         0  printfb.o ABSOLUTE
    ../clib/microlib/printf/printf.c         0x00000000   Number         0  printf7.o ABSOLUTE
    ../clib/microlib/printf/printf.c         0x00000000   Number         0  printfa.o ABSOLUTE
    ../clib/microlib/printf/printf.c         0x00000000   Number         0  printf8.o ABSOLUTE
    ../clib/microlib/printf/printf.c         0x00000000   Number         0  printf4.o ABSOLUTE
    ../clib/microlib/printf/printf.c         0x00000000   Number         0  printf3.o ABSOLUTE
    ../clib/microlib/printf/printf.c         0x00000000   Number         0  printf2.o ABSOLUTE
    ../clib/microlib/printf/printf.c         0x00000000   Number         0  printf6.o ABSOLUTE
    ../clib/microlib/printf/printf.c         0x00000000   Number         0  printf0.o ABSOLUTE
    ../clib/microlib/printf/printf.c         0x00000000   Number         0  printf5.o ABSOLUTE
    ../clib/microlib/printf/stubs.s          0x00000000   Number         0  stubs.o ABSOLUTE
    ../clib/microlib/string/memset.c         0x00000000   Number         0  memseta.o ABSOLUTE
    ../clib/microlib/stubs.s                 0x00000000   Number         0  iusefp.o ABSOLUTE
    ../clib/microlib/stubs.s                 0x00000000   Number         0  useno.o ABSOLUTE
    ../clib/scanf.c                          0x00000000   Number         0  _scanf.o ABSOLUTE
    ../clib/scanf.c                          0x00000000   Number         0  _sgetc.o ABSOLUTE
    ../clib/scanf.c                          0x00000000   Number         0  scanf_char.o ABSOLUTE
    ../clib/scanf.c                          0x00000000   Number         0  _chval.o ABSOLUTE
    ../clib/scanf.c                          0x00000000   Number         0  __0sscanf.o ABSOLUTE
    ../clib/scanf.c                          0x00000000   Number         0  _scanf_int.o ABSOLUTE
    ../fplib/microlib/f2d.c                  0x00000000   Number         0  f2d.o ABSOLUTE
    ../fplib/microlib/fpadd.c                0x00000000   Number         0  dadd.o ABSOLUTE
    ../fplib/microlib/fpdiv.c                0x00000000   Number         0  ddiv.o ABSOLUTE
    ../fplib/microlib/fpepilogue.c           0x00000000   Number         0  depilogue.o ABSOLUTE
    ../fplib/microlib/fpfix.c                0x00000000   Number         0  dfixui.o ABSOLUTE
    ../fplib/microlib/fpfix.c                0x00000000   Number         0  dfixul.o ABSOLUTE
    ../fplib/microlib/fpflt.c                0x00000000   Number         0  dflti.o ABSOLUTE
    ../fplib/microlib/fpmul.c                0x00000000   Number         0  dmul.o ABSOLUTE
    ..\..\Drivers\BSP\KEY\key.c              0x00000000   Number         0  key.o ABSOLUTE
    ..\..\Drivers\BSP\LCD\lcd.c              0x00000000   Number         0  lcd.o ABSOLUTE
    ..\..\Drivers\BSP\LED\led.c              0x00000000   Number         0  led.o ABSOLUTE
    ..\..\Drivers\BSP\SPI\spi.c              0x00000000   Number         0  spi.o ABSOLUTE
    ..\..\Drivers\BSP\STEERING_ENGINE\steering_engine.c 0x00000000   Number         0  steering_engine.o ABSOLUTE
    ..\..\Drivers\BSP\TIMER\atim.c           0x00000000   Number         0  atim.o ABSOLUTE
    ..\..\Drivers\CMSIS\Device\ST\STM32G4xx\Source\Templates\arm\startup_stm32g474xx.s 0x00000000   Number         0  startup_stm32g474xx.o ABSOLUTE
    ..\..\Drivers\CMSIS\Device\ST\STM32G4xx\Source\Templates\system_stm32g4xx.c 0x00000000   Number         0  system_stm32g4xx.o ABSOLUTE
    ..\..\Drivers\STM32G4xx_HAL_Driver\Src\stm32g4xx_hal.c 0x00000000   Number         0  stm32g4xx_hal.o ABSOLUTE
    ..\..\Drivers\STM32G4xx_HAL_Driver\Src\stm32g4xx_hal_cortex.c 0x00000000   Number         0  stm32g4xx_hal_cortex.o ABSOLUTE
    ..\..\Drivers\STM32G4xx_HAL_Driver\Src\stm32g4xx_hal_dma.c 0x00000000   Number         0  stm32g4xx_hal_dma.o ABSOLUTE
    ..\..\Drivers\STM32G4xx_HAL_Driver\Src\stm32g4xx_hal_dma_ex.c 0x00000000   Number         0  stm32g4xx_hal_dma_ex.o ABSOLUTE
    ..\..\Drivers\STM32G4xx_HAL_Driver\Src\stm32g4xx_hal_gpio.c 0x00000000   Number         0  stm32g4xx_hal_gpio.o ABSOLUTE
    ..\..\Drivers\STM32G4xx_HAL_Driver\Src\stm32g4xx_hal_pwr.c 0x00000000   Number         0  stm32g4xx_hal_pwr.o ABSOLUTE
    ..\..\Drivers\STM32G4xx_HAL_Driver\Src\stm32g4xx_hal_pwr_ex.c 0x00000000   Number         0  stm32g4xx_hal_pwr_ex.o ABSOLUTE
    ..\..\Drivers\STM32G4xx_HAL_Driver\Src\stm32g4xx_hal_rcc.c 0x00000000   Number         0  stm32g4xx_hal_rcc.o ABSOLUTE
    ..\..\Drivers\STM32G4xx_HAL_Driver\Src\stm32g4xx_hal_rcc_ex.c 0x00000000   Number         0  stm32g4xx_hal_rcc_ex.o ABSOLUTE
    ..\..\Drivers\STM32G4xx_HAL_Driver\Src\stm32g4xx_hal_spi.c 0x00000000   Number         0  stm32g4xx_hal_spi.o ABSOLUTE
    ..\..\Drivers\STM32G4xx_HAL_Driver\Src\stm32g4xx_hal_spi_ex.c 0x00000000   Number         0  stm32g4xx_hal_spi_ex.o ABSOLUTE
    ..\..\Drivers\STM32G4xx_HAL_Driver\Src\stm32g4xx_hal_tim.c 0x00000000   Number         0  stm32g4xx_hal_tim.o ABSOLUTE
    ..\..\Drivers\STM32G4xx_HAL_Driver\Src\stm32g4xx_hal_tim_ex.c 0x00000000   Number         0  stm32g4xx_hal_tim_ex.o ABSOLUTE
    ..\..\Drivers\STM32G4xx_HAL_Driver\Src\stm32g4xx_hal_uart.c 0x00000000   Number         0  stm32g4xx_hal_uart.o ABSOLUTE
    ..\..\Drivers\STM32G4xx_HAL_Driver\Src\stm32g4xx_hal_uart_ex.c 0x00000000   Number         0  stm32g4xx_hal_uart_ex.o ABSOLUTE
    ..\..\Drivers\STM32G4xx_HAL_Driver\Src\stm32g4xx_hal_usart.c 0x00000000   Number         0  stm32g4xx_hal_usart.o ABSOLUTE
    ..\..\Drivers\STM32G4xx_HAL_Driver\Src\stm32g4xx_hal_usart_ex.c 0x00000000   Number         0  stm32g4xx_hal_usart_ex.o ABSOLUTE
    ..\..\Drivers\SYSTEM\delay\delay.c       0x00000000   Number         0  delay.o ABSOLUTE
    ..\..\Drivers\SYSTEM\sys\sys.c           0x00000000   Number         0  sys.o ABSOLUTE
    ..\..\Drivers\SYSTEM\usart\usart.c       0x00000000   Number         0  usart.o ABSOLUTE
    ..\..\User\main.c                        0x00000000   Number         0  main.o ABSOLUTE
    ..\..\User\stm32g4xx_it.c                0x00000000   Number         0  stm32g4xx_it.o ABSOLUTE
    ..\\..\\Drivers\\BSP\\KEY\\key.c         0x00000000   Number         0  key.o ABSOLUTE
    ..\\..\\Drivers\\BSP\\LCD\\lcd.c         0x00000000   Number         0  lcd.o ABSOLUTE
    ..\\..\\Drivers\\BSP\\LED\\led.c         0x00000000   Number         0  led.o ABSOLUTE
    ..\\..\\Drivers\\BSP\\SPI\\spi.c         0x00000000   Number         0  spi.o ABSOLUTE
    ..\\..\\Drivers\\BSP\\STEERING_ENGINE\\steering_engine.c 0x00000000   Number         0  steering_engine.o ABSOLUTE
    ..\\..\\Drivers\\BSP\\TIMER\\atim.c      0x00000000   Number         0  atim.o ABSOLUTE
    ..\\..\\Drivers\\CMSIS\\Device\\ST\\STM32G4xx\\Source\\Templates\\system_stm32g4xx.c 0x00000000   Number         0  system_stm32g4xx.o ABSOLUTE
    ..\\..\\Drivers\\STM32G4xx_HAL_Driver\\Src\\stm32g4xx_hal.c 0x00000000   Number         0  stm32g4xx_hal.o ABSOLUTE
    ..\\..\\Drivers\\STM32G4xx_HAL_Driver\\Src\\stm32g4xx_hal_cortex.c 0x00000000   Number         0  stm32g4xx_hal_cortex.o ABSOLUTE
    ..\\..\\Drivers\\STM32G4xx_HAL_Driver\\Src\\stm32g4xx_hal_dma.c 0x00000000   Number         0  stm32g4xx_hal_dma.o ABSOLUTE
    ..\\..\\Drivers\\STM32G4xx_HAL_Driver\\Src\\stm32g4xx_hal_dma_ex.c 0x00000000   Number         0  stm32g4xx_hal_dma_ex.o ABSOLUTE
    ..\\..\\Drivers\\STM32G4xx_HAL_Driver\\Src\\stm32g4xx_hal_gpio.c 0x00000000   Number         0  stm32g4xx_hal_gpio.o ABSOLUTE
    ..\\..\\Drivers\\STM32G4xx_HAL_Driver\\Src\\stm32g4xx_hal_pwr.c 0x00000000   Number         0  stm32g4xx_hal_pwr.o ABSOLUTE
    ..\\..\\Drivers\\STM32G4xx_HAL_Driver\\Src\\stm32g4xx_hal_pwr_ex.c 0x00000000   Number         0  stm32g4xx_hal_pwr_ex.o ABSOLUTE
    ..\\..\\Drivers\\STM32G4xx_HAL_Driver\\Src\\stm32g4xx_hal_rcc.c 0x00000000   Number         0  stm32g4xx_hal_rcc.o ABSOLUTE
    ..\\..\\Drivers\\STM32G4xx_HAL_Driver\\Src\\stm32g4xx_hal_rcc_ex.c 0x00000000   Number         0  stm32g4xx_hal_rcc_ex.o ABSOLUTE
    ..\\..\\Drivers\\STM32G4xx_HAL_Driver\\Src\\stm32g4xx_hal_spi.c 0x00000000   Number         0  stm32g4xx_hal_spi.o ABSOLUTE
    ..\\..\\Drivers\\STM32G4xx_HAL_Driver\\Src\\stm32g4xx_hal_spi_ex.c 0x00000000   Number         0  stm32g4xx_hal_spi_ex.o ABSOLUTE
    ..\\..\\Drivers\\STM32G4xx_HAL_Driver\\Src\\stm32g4xx_hal_tim.c 0x00000000   Number         0  stm32g4xx_hal_tim.o ABSOLUTE
    ..\\..\\Drivers\\STM32G4xx_HAL_Driver\\Src\\stm32g4xx_hal_tim_ex.c 0x00000000   Number         0  stm32g4xx_hal_tim_ex.o ABSOLUTE
    ..\\..\\Drivers\\STM32G4xx_HAL_Driver\\Src\\stm32g4xx_hal_uart.c 0x00000000   Number         0  stm32g4xx_hal_uart.o ABSOLUTE
    ..\\..\\Drivers\\STM32G4xx_HAL_Driver\\Src\\stm32g4xx_hal_uart_ex.c 0x00000000   Number         0  stm32g4xx_hal_uart_ex.o ABSOLUTE
    ..\\..\\Drivers\\STM32G4xx_HAL_Driver\\Src\\stm32g4xx_hal_usart.c 0x00000000   Number         0  stm32g4xx_hal_usart.o ABSOLUTE
    ..\\..\\Drivers\\STM32G4xx_HAL_Driver\\Src\\stm32g4xx_hal_usart_ex.c 0x00000000   Number         0  stm32g4xx_hal_usart_ex.o ABSOLUTE
    ..\\..\\Drivers\\SYSTEM\\delay\\delay.c  0x00000000   Number         0  delay.o ABSOLUTE
    ..\\..\\Drivers\\SYSTEM\\sys\\sys.c      0x00000000   Number         0  sys.o ABSOLUTE
    ..\\..\\Drivers\\SYSTEM\\usart\\usart.c  0x00000000   Number         0  usart.o ABSOLUTE
    ..\\..\\User\\main.c                     0x00000000   Number         0  main.o ABSOLUTE
    ..\\..\\User\\stm32g4xx_it.c             0x00000000   Number         0  stm32g4xx_it.o ABSOLUTE
    cdrcmple.s                               0x00000000   Number         0  cdrcmple.o ABSOLUTE
    dc.s                                     0x00000000   Number         0  dc.o ABSOLUTE
    handlers.s                               0x00000000   Number         0  handlers.o ABSOLUTE
    init.s                                   0x00000000   Number         0  init.o ABSOLUTE
    RESET                                    0x08000000   Section      472  startup_stm32g474xx.o(RESET)
    .ARM.Collect$$$$00000000                 0x080001d8   Section        0  entry.o(.ARM.Collect$$$$00000000)
    .ARM.Collect$$$$00000001                 0x080001d8   Section        4  entry2.o(.ARM.Collect$$$$00000001)
    .ARM.Collect$$$$00000004                 0x080001dc   Section        4  entry5.o(.ARM.Collect$$$$00000004)
    .ARM.Collect$$$$00000008                 0x080001e0   Section        0  entry7b.o(.ARM.Collect$$$$00000008)
    .ARM.Collect$$$$0000000A                 0x080001e0   Section        0  entry8b.o(.ARM.Collect$$$$0000000A)
    .ARM.Collect$$$$0000000B                 0x080001e0   Section        8  entry9a.o(.ARM.Collect$$$$0000000B)
    .ARM.Collect$$$$0000000D                 0x080001e8   Section        0  entry10a.o(.ARM.Collect$$$$0000000D)
    .ARM.Collect$$$$0000000F                 0x080001e8   Section        0  entry11a.o(.ARM.Collect$$$$0000000F)
    .ARM.Collect$$$$00002712                 0x080001e8   Section        4  entry2.o(.ARM.Collect$$$$00002712)
    __lit__00000000                          0x080001e8   Data           4  entry2.o(.ARM.Collect$$$$00002712)
    .text                                    0x080001ec   Section       36  startup_stm32g474xx.o(.text)
    $v0                                      0x080001ec   Number         0  startup_stm32g474xx.o(.text)
    .text                                    0x08000210   Section        0  uldiv.o(.text)
    .text                                    0x08000272   Section        0  memseta.o(.text)
    .text                                    0x08000298   Section        0  __0sscanf.o(.text)
    .text                                    0x080002d0   Section        0  _scanf_int.o(.text)
    .text                                    0x0800041c   Section        0  dmul.o(.text)
    .text                                    0x08000500   Section        0  dflti.o(.text)
    .text                                    0x08000522   Section        0  dfixui.o(.text)
    .text                                    0x08000554   Section        0  uidiv.o(.text)
    .text                                    0x08000580   Section        0  llshl.o(.text)
    .text                                    0x0800059e   Section        0  llushr.o(.text)
    .text                                    0x080005be   Section        0  _chval.o(.text)
    .text                                    0x080005dc   Section        0  scanf_char.o(.text)
    _scanf_char_input                        0x080005dd   Thumb Code    12  scanf_char.o(.text)
    .text                                    0x08000604   Section        0  _sgetc.o(.text)
    .text                                    0x08000644   Section        0  depilogue.o(.text)
    .text                                    0x08000644   Section        0  iusefp.o(.text)
    .text                                    0x080006fe   Section        0  dadd.o(.text)
    .text                                    0x0800084c   Section        0  ddiv.o(.text)
    .text                                    0x0800092a   Section        0  dfixul.o(.text)
    .text                                    0x0800095c   Section       48  cdrcmple.o(.text)
    .text                                    0x0800098c   Section       36  init.o(.text)
    .text                                    0x080009b0   Section        0  llsshr.o(.text)
    .text                                    0x080009d4   Section        0  isspace_c.o(.text)
    .text                                    0x080009e0   Section        0  _scanf.o(.text)
    .text                                    0x08000d0c   Section        0  ctype_c.o(.text)
    i.BusFault_Handler                       0x08000d34   Section        0  stm32g4xx_it.o(i.BusFault_Handler)
    i.DebugMon_Handler                       0x08000d38   Section        0  stm32g4xx_it.o(i.DebugMon_Handler)
    i.HAL_DMA_Abort                          0x08000d3a   Section        0  stm32g4xx_hal_dma.o(i.HAL_DMA_Abort)
    i.HAL_DMA_Abort_IT                       0x08000db0   Section        0  stm32g4xx_hal_dma.o(i.HAL_DMA_Abort_IT)
    i.HAL_GPIO_Init                          0x08000e44   Section        0  stm32g4xx_hal_gpio.o(i.HAL_GPIO_Init)
    i.HAL_GPIO_WritePin                      0x08001010   Section        0  stm32g4xx_hal_gpio.o(i.HAL_GPIO_WritePin)
    i.HAL_GetREVID                           0x0800101c   Section        0  stm32g4xx_hal.o(i.HAL_GetREVID)
    i.HAL_GetTick                            0x08001028   Section        0  stm32g4xx_hal.o(i.HAL_GetTick)
    i.HAL_IncTick                            0x08001034   Section        0  stm32g4xx_hal.o(i.HAL_IncTick)
    i.HAL_Init                               0x0800104c   Section        0  stm32g4xx_hal.o(i.HAL_Init)
    i.HAL_InitTick                           0x0800106c   Section        0  stm32g4xx_hal.o(i.HAL_InitTick)
    i.HAL_MspInit                            0x080010c4   Section        0  stm32g4xx_hal.o(i.HAL_MspInit)
    i.HAL_NVIC_EnableIRQ                     0x080010c6   Section        0  stm32g4xx_hal_cortex.o(i.HAL_NVIC_EnableIRQ)
    i.HAL_NVIC_SetPriority                   0x080010ee   Section        0  stm32g4xx_hal_cortex.o(i.HAL_NVIC_SetPriority)
    i.HAL_NVIC_SetPriorityGrouping           0x08001168   Section        0  stm32g4xx_hal_cortex.o(i.HAL_NVIC_SetPriorityGrouping)
    i.HAL_PWREx_ControlVoltageScaling        0x08001190   Section        0  stm32g4xx_hal_pwr_ex.o(i.HAL_PWREx_ControlVoltageScaling)
    i.HAL_RCC_ClockConfig                    0x080012a8   Section        0  stm32g4xx_hal_rcc.o(i.HAL_RCC_ClockConfig)
    i.HAL_RCC_GetHCLKFreq                    0x080014cc   Section        0  stm32g4xx_hal_rcc.o(i.HAL_RCC_GetHCLKFreq)
    i.HAL_RCC_GetPCLK1Freq                   0x080014d8   Section        0  stm32g4xx_hal_rcc.o(i.HAL_RCC_GetPCLK1Freq)
    i.HAL_RCC_GetPCLK2Freq                   0x080014fc   Section        0  stm32g4xx_hal_rcc.o(i.HAL_RCC_GetPCLK2Freq)
    i.HAL_RCC_GetSysClockFreq                0x08001520   Section        0  stm32g4xx_hal_rcc.o(i.HAL_RCC_GetSysClockFreq)
    i.HAL_RCC_OscConfig                      0x080015b8   Section        0  stm32g4xx_hal_rcc.o(i.HAL_RCC_OscConfig)
    i.HAL_SPI_Init                           0x08001b20   Section        0  stm32g4xx_hal_spi.o(i.HAL_SPI_Init)
    i.HAL_SPI_MspInit                        0x08001c64   Section        0  spi.o(i.HAL_SPI_MspInit)
    i.HAL_SPI_Transmit                       0x08001cec   Section        0  stm32g4xx_hal_spi.o(i.HAL_SPI_Transmit)
    i.HAL_SPI_TransmitReceive                0x08001f0e   Section        0  stm32g4xx_hal_spi.o(i.HAL_SPI_TransmitReceive)
    i.HAL_SYSTICK_CLKSourceConfig            0x080022fa   Section        0  stm32g4xx_hal_cortex.o(i.HAL_SYSTICK_CLKSourceConfig)
    i.HAL_SYSTICK_Config                     0x08002322   Section        0  stm32g4xx_hal_cortex.o(i.HAL_SYSTICK_Config)
    i.HAL_TIM_PWM_ConfigChannel              0x08002356   Section        0  stm32g4xx_hal_tim.o(i.HAL_TIM_PWM_ConfigChannel)
    i.HAL_TIM_PWM_Init                       0x080024c6   Section        0  stm32g4xx_hal_tim.o(i.HAL_TIM_PWM_Init)
    i.HAL_TIM_PWM_MspInit                    0x08002534   Section        0  atim.o(i.HAL_TIM_PWM_MspInit)
    i.HAL_TIM_PWM_Start                      0x080025bc   Section        0  stm32g4xx_hal_tim.o(i.HAL_TIM_PWM_Start)
    i.HAL_UARTEx_RxEventCallback             0x08002728   Section        0  stm32g4xx_hal_uart.o(i.HAL_UARTEx_RxEventCallback)
    i.HAL_UARTEx_RxFifoFullCallback          0x0800272a   Section        0  stm32g4xx_hal_uart_ex.o(i.HAL_UARTEx_RxFifoFullCallback)
    i.HAL_UARTEx_TxFifoEmptyCallback         0x0800272c   Section        0  stm32g4xx_hal_uart_ex.o(i.HAL_UARTEx_TxFifoEmptyCallback)
    i.HAL_UARTEx_WakeupCallback              0x0800272e   Section        0  stm32g4xx_hal_uart_ex.o(i.HAL_UARTEx_WakeupCallback)
    i.HAL_UART_ErrorCallback                 0x08002730   Section        0  stm32g4xx_hal_uart.o(i.HAL_UART_ErrorCallback)
    i.HAL_UART_GetState                      0x08002732   Section        0  stm32g4xx_hal_uart.o(i.HAL_UART_GetState)
    i.HAL_UART_IRQHandler                    0x08002744   Section        0  stm32g4xx_hal_uart.o(i.HAL_UART_IRQHandler)
    i.HAL_UART_Init                          0x08002ad4   Section        0  stm32g4xx_hal_uart.o(i.HAL_UART_Init)
    i.HAL_UART_MspInit                       0x08002b4c   Section        0  usart.o(i.HAL_UART_MspInit)
    i.HAL_UART_Receive_IT                    0x08002c04   Section        0  stm32g4xx_hal_uart.o(i.HAL_UART_Receive_IT)
    i.HAL_UART_RxCpltCallback                0x08002c78   Section        0  usart.o(i.HAL_UART_RxCpltCallback)
    i.HAL_UART_TxCpltCallback                0x08002d00   Section        0  stm32g4xx_hal_uart.o(i.HAL_UART_TxCpltCallback)
    i.HardFault_Handler                      0x08002d02   Section        0  stm32g4xx_it.o(i.HardFault_Handler)
    i.MemManage_Handler                      0x08002d06   Section        0  stm32g4xx_it.o(i.MemManage_Handler)
    i.NMI_Handler                            0x08002d0a   Section        0  stm32g4xx_it.o(i.NMI_Handler)
    i.PendSV_Handler                         0x08002d0c   Section        0  stm32g4xx_it.o(i.PendSV_Handler)
    i.RCC_GetSysClockFreqFromPLLSource       0x08002d10   Section        0  stm32g4xx_hal_rcc.o(i.RCC_GetSysClockFreqFromPLLSource)
    RCC_GetSysClockFreqFromPLLSource         0x08002d11   Thumb Code    90  stm32g4xx_hal_rcc.o(i.RCC_GetSysClockFreqFromPLLSource)
    i.SPI_EndRxTxTransaction                 0x08002d78   Section        0  stm32g4xx_hal_spi.o(i.SPI_EndRxTxTransaction)
    SPI_EndRxTxTransaction                   0x08002d79   Thumb Code   100  stm32g4xx_hal_spi.o(i.SPI_EndRxTxTransaction)
    i.SPI_WaitFifoStateUntilTimeout          0x08002ddc   Section        0  stm32g4xx_hal_spi.o(i.SPI_WaitFifoStateUntilTimeout)
    SPI_WaitFifoStateUntilTimeout            0x08002ddd   Thumb Code   242  stm32g4xx_hal_spi.o(i.SPI_WaitFifoStateUntilTimeout)
    i.SPI_WaitFlagStateUntilTimeout          0x08002ed4   Section        0  stm32g4xx_hal_spi.o(i.SPI_WaitFlagStateUntilTimeout)
    SPI_WaitFlagStateUntilTimeout            0x08002ed5   Thumb Code   210  stm32g4xx_hal_spi.o(i.SPI_WaitFlagStateUntilTimeout)
    i.SVC_Handler                            0x08002fac   Section        0  stm32g4xx_it.o(i.SVC_Handler)
    i.SysTick_Handler                        0x08002fae   Section        0  stm32g4xx_it.o(i.SysTick_Handler)
    i.SystemInit                             0x08002fb8   Section        0  system_stm32g4xx.o(i.SystemInit)
    i.TIM_Base_SetConfig                     0x08002fcc   Section        0  stm32g4xx_hal_tim.o(i.TIM_Base_SetConfig)
    i.TIM_CCxChannelCmd                      0x080030ac   Section        0  stm32g4xx_hal_tim.o(i.TIM_CCxChannelCmd)
    i.TIM_OC1_SetConfig                      0x080030d0   Section        0  stm32g4xx_hal_tim.o(i.TIM_OC1_SetConfig)
    TIM_OC1_SetConfig                        0x080030d1   Thumb Code   160  stm32g4xx_hal_tim.o(i.TIM_OC1_SetConfig)
    i.TIM_OC2_SetConfig                      0x0800318c   Section        0  stm32g4xx_hal_tim.o(i.TIM_OC2_SetConfig)
    i.TIM_OC3_SetConfig                      0x08003254   Section        0  stm32g4xx_hal_tim.o(i.TIM_OC3_SetConfig)
    TIM_OC3_SetConfig                        0x08003255   Thumb Code   168  stm32g4xx_hal_tim.o(i.TIM_OC3_SetConfig)
    i.TIM_OC4_SetConfig                      0x08003318   Section        0  stm32g4xx_hal_tim.o(i.TIM_OC4_SetConfig)
    TIM_OC4_SetConfig                        0x08003319   Thumb Code   170  stm32g4xx_hal_tim.o(i.TIM_OC4_SetConfig)
    i.TIM_OC5_SetConfig                      0x080033e0   Section        0  stm32g4xx_hal_tim.o(i.TIM_OC5_SetConfig)
    TIM_OC5_SetConfig                        0x080033e1   Thumb Code    92  stm32g4xx_hal_tim.o(i.TIM_OC5_SetConfig)
    i.TIM_OC6_SetConfig                      0x08003458   Section        0  stm32g4xx_hal_tim.o(i.TIM_OC6_SetConfig)
    TIM_OC6_SetConfig                        0x08003459   Thumb Code    94  stm32g4xx_hal_tim.o(i.TIM_OC6_SetConfig)
    i.UART_AdvFeatureConfig                  0x080034d4   Section        0  stm32g4xx_hal_uart.o(i.UART_AdvFeatureConfig)
    i.UART_CheckIdleState                    0x080035cc   Section        0  stm32g4xx_hal_uart.o(i.UART_CheckIdleState)
    i.UART_DMAAbortOnError                   0x08003642   Section        0  stm32g4xx_hal_uart.o(i.UART_DMAAbortOnError)
    UART_DMAAbortOnError                     0x08003643   Thumb Code    24  stm32g4xx_hal_uart.o(i.UART_DMAAbortOnError)
    i.UART_EndRxTransfer                     0x0800365c   Section        0  stm32g4xx_hal_uart.o(i.UART_EndRxTransfer)
    UART_EndRxTransfer                       0x0800365d   Thumb Code   104  stm32g4xx_hal_uart.o(i.UART_EndRxTransfer)
    i.UART_EndTransmit_IT                    0x080036c8   Section        0  stm32g4xx_hal_uart.o(i.UART_EndTransmit_IT)
    UART_EndTransmit_IT                      0x080036c9   Thumb Code    48  stm32g4xx_hal_uart.o(i.UART_EndTransmit_IT)
    i.UART_RxISR_16BIT                       0x080036f8   Section        0  stm32g4xx_hal_uart.o(i.UART_RxISR_16BIT)
    UART_RxISR_16BIT                         0x080036f9   Thumb Code   210  stm32g4xx_hal_uart.o(i.UART_RxISR_16BIT)
    i.UART_RxISR_16BIT_FIFOEN                0x080037cc   Section        0  stm32g4xx_hal_uart.o(i.UART_RxISR_16BIT_FIFOEN)
    UART_RxISR_16BIT_FIFOEN                  0x080037cd   Thumb Code   448  stm32g4xx_hal_uart.o(i.UART_RxISR_16BIT_FIFOEN)
    i.UART_RxISR_8BIT                        0x08003994   Section        0  stm32g4xx_hal_uart.o(i.UART_RxISR_8BIT)
    UART_RxISR_8BIT                          0x08003995   Thumb Code   206  stm32g4xx_hal_uart.o(i.UART_RxISR_8BIT)
    i.UART_RxISR_8BIT_FIFOEN                 0x08003a64   Section        0  stm32g4xx_hal_uart.o(i.UART_RxISR_8BIT_FIFOEN)
    UART_RxISR_8BIT_FIFOEN                   0x08003a65   Thumb Code   446  stm32g4xx_hal_uart.o(i.UART_RxISR_8BIT_FIFOEN)
    i.UART_SetConfig                         0x08003c2c   Section        0  stm32g4xx_hal_uart.o(i.UART_SetConfig)
    i.UART_Start_Receive_IT                  0x08003ff4   Section        0  stm32g4xx_hal_uart.o(i.UART_Start_Receive_IT)
    i.UART_WaitOnFlagUntilTimeout            0x08004164   Section        0  stm32g4xx_hal_uart.o(i.UART_WaitOnFlagUntilTimeout)
    i.USART1_IRQHandler                      0x08004264   Section        0  usart.o(i.USART1_IRQHandler)
    i.UsageFault_Handler                     0x080042b4   Section        0  stm32g4xx_it.o(i.UsageFault_Handler)
    i.__0printf                              0x080042b8   Section        0  printfa.o(i.__0printf)
    i.__NVIC_GetPriorityGrouping             0x080042d8   Section        0  stm32g4xx_hal_cortex.o(i.__NVIC_GetPriorityGrouping)
    __NVIC_GetPriorityGrouping               0x080042d9   Thumb Code    10  stm32g4xx_hal_cortex.o(i.__NVIC_GetPriorityGrouping)
    i.__NVIC_SetPriority                     0x080042e8   Section        0  stm32g4xx_hal_cortex.o(i.__NVIC_SetPriority)
    __NVIC_SetPriority                       0x080042e9   Thumb Code    32  stm32g4xx_hal_cortex.o(i.__NVIC_SetPriority)
    i.__scatterload_copy                     0x08004310   Section       14  handlers.o(i.__scatterload_copy)
    i.__scatterload_null                     0x0800431e   Section        2  handlers.o(i.__scatterload_null)
    i.__scatterload_zeroinit                 0x08004320   Section       14  handlers.o(i.__scatterload_zeroinit)
    i._fp_digits                             0x08004330   Section        0  printfa.o(i._fp_digits)
    _fp_digits                               0x08004331   Thumb Code   366  printfa.o(i._fp_digits)
    i._printf_core                           0x080044b4   Section        0  printfa.o(i._printf_core)
    _printf_core                             0x080044b5   Thumb Code  1744  printfa.o(i._printf_core)
    i._printf_post_padding                   0x08004b90   Section        0  printfa.o(i._printf_post_padding)
    _printf_post_padding                     0x08004b91   Thumb Code    36  printfa.o(i._printf_post_padding)
    i._printf_pre_padding                    0x08004bb4   Section        0  printfa.o(i._printf_pre_padding)
    _printf_pre_padding                      0x08004bb5   Thumb Code    46  printfa.o(i._printf_pre_padding)
    i.angle_to_tim_val                       0x08004be4   Section        0  steering_engine.o(i.angle_to_tim_val)
    i.atim_timx_pwm_chy_init                 0x08004c44   Section        0  atim.o(i.atim_timx_pwm_chy_init)
    i.delay_init                             0x08004d3c   Section        0  delay.o(i.delay_init)
    i.delay_ms                               0x08004d50   Section        0  delay.o(i.delay_ms)
    i.delay_us                               0x08004d64   Section        0  delay.o(i.delay_us)
    i.fputc                                  0x08004dac   Section        0  usart.o(i.fputc)
    i.key_init                               0x08004dc8   Section        0  key.o(i.key_init)
    i.lcd_address_set                        0x08004e80   Section        0  lcd.o(i.lcd_address_set)
    i.lcd_clear                              0x08004ed4   Section        0  lcd.o(i.lcd_clear)
    i.lcd_gpio_init                          0x08004f48   Section        0  lcd.o(i.lcd_gpio_init)
    lcd_gpio_init                            0x08004f49   Thumb Code   310  lcd.o(i.lcd_gpio_init)
    i.lcd_init                               0x0800508c   Section        0  lcd.o(i.lcd_init)
    i.lcd_spi_send                           0x08005230   Section        0  lcd.o(i.lcd_spi_send)
    lcd_spi_send                             0x08005231   Thumb Code   104  lcd.o(i.lcd_spi_send)
    i.lcd_write_cmd                          0x0800529c   Section        0  lcd.o(i.lcd_write_cmd)
    lcd_write_cmd                            0x0800529d   Thumb Code    26  lcd.o(i.lcd_write_cmd)
    i.lcd_write_data                         0x080052bc   Section        0  lcd.o(i.lcd_write_data)
    lcd_write_data                           0x080052bd   Thumb Code    26  lcd.o(i.lcd_write_data)
    i.main                                   0x080052dc   Section        0  main.o(i.main)
    i.parse_cmd                              0x080053b8   Section        0  main.o(i.parse_cmd)
    i.servo_angle_set                        0x08005428   Section        0  steering_engine.o(i.servo_angle_set)
    i.spi1_init                              0x08005470   Section        0  spi.o(i.spi1_init)
    i.spi1_read_write_byte                   0x080054f0   Section        0  spi.o(i.spi1_read_write_byte)
    i.spi1_write_data                        0x08005510   Section        0  spi.o(i.spi1_write_data)
    i.sys_stm32_clock_init                   0x0800552c   Section        0  sys.o(i.sys_stm32_clock_init)
    i.usart_init                             0x080055e8   Section        0  usart.o(i.usart_init)
    .constdata                               0x08005620   Section       24  system_stm32g4xx.o(.constdata)
    .constdata                               0x08005638   Section       24  stm32g4xx_hal_uart.o(.constdata)
    .constdata                               0x08005650   Section       64  ctype_c.o(.constdata)
    .data                                    0x20000000   Section        4  main.o(.data)
    .data                                    0x20000004   Section        4  system_stm32g4xx.o(.data)
    .data                                    0x20000008   Section        4  delay.o(.data)
    g_fac_us                                 0x20000008   Data           4  delay.o(.data)
    .data                                    0x2000000c   Section        7  usart.o(.data)
    .data                                    0x20000014   Section       12  stm32g4xx_hal.o(.data)
    .bss                                     0x20000020   Section      344  usart.o(.bss)
    .bss                                     0x20000178   Section      104  atim.o(.bss)
    .bss                                     0x200001e0   Section    11520  lcd.o(.bss)
    lcd_buf                                  0x200001e0   Data       11520  lcd.o(.bss)
    .bss                                     0x20002ee0   Section      100  spi.o(.bss)
    STACK                                    0x20002f48   Section     1024  startup_stm32g474xx.o(STACK)

    Global Symbols

    Symbol Name                              Value     Ov Type        Size  Object(Section)

    BuildAttributes$$THM_ISAv4$E$P$D$K$B$S$7EM$VFPi3$EXTD16$VFPS$VFMA$PE$A:L22UL41UL21$X:L11$S22US41US21$IEEE1$IW$USESV6$~STKCKD$USESV7$~SHL$OSPACE$ROPI$EBA8$MICROLIB$REQ8$PRES8$EABIv2 0x00000000   Number         0  anon$$obj.o ABSOLUTE
    __ARM_use_no_argv                        0x00000000   Number         0  main.o ABSOLUTE
    __use_no_errno                           0x00000000   Number         0  useno.o ABSOLUTE
    __use_no_exception_handling              0x00000000   Number         0  useno.o ABSOLUTE
    __use_no_fp                              0x00000000   Number         0  useno.o ABSOLUTE
    __use_no_heap                            0x00000000   Number         0  useno.o ABSOLUTE
    __use_no_heap_region                     0x00000000   Number         0  useno.o ABSOLUTE
    __use_no_semihosting                     0x00000000   Number         0  useno.o ABSOLUTE
    __use_no_semihosting_swi                 0x00000000   Number         0  useno.o ABSOLUTE
    __use_no_signal_handling                 0x00000000   Number         0  useno.o ABSOLUTE
    _printf_a                                0x00000000   Number         0  stubs.o ABSOLUTE
    _printf_c                                0x00000000   Number         0  stubs.o ABSOLUTE
    _printf_charcount                        0x00000000   Number         0  stubs.o ABSOLUTE
    _printf_d                                0x00000000   Number         0  stubs.o ABSOLUTE
    _printf_e                                0x00000000   Number         0  stubs.o ABSOLUTE
    _printf_f                                0x00000000   Number         0  stubs.o ABSOLUTE
    _printf_flags                            0x00000000   Number         0  stubs.o ABSOLUTE
    _printf_fp_dec                           0x00000000   Number         0  stubs.o ABSOLUTE
    _printf_fp_hex                           0x00000000   Number         0  stubs.o ABSOLUTE
    _printf_g                                0x00000000   Number         0  stubs.o ABSOLUTE
    _printf_i                                0x00000000   Number         0  stubs.o ABSOLUTE
    _printf_int_dec                          0x00000000   Number         0  stubs.o ABSOLUTE
    _printf_l                                0x00000000   Number         0  stubs.o ABSOLUTE
    _printf_lc                               0x00000000   Number         0  stubs.o ABSOLUTE
    _printf_ll                               0x00000000   Number         0  stubs.o ABSOLUTE
    _printf_lld                              0x00000000   Number         0  stubs.o ABSOLUTE
    _printf_lli                              0x00000000   Number         0  stubs.o ABSOLUTE
    _printf_llo                              0x00000000   Number         0  stubs.o ABSOLUTE
    _printf_llu                              0x00000000   Number         0  stubs.o ABSOLUTE
    _printf_llx                              0x00000000   Number         0  stubs.o ABSOLUTE
    _printf_longlong_dec                     0x00000000   Number         0  stubs.o ABSOLUTE
    _printf_longlong_hex                     0x00000000   Number         0  stubs.o ABSOLUTE
    _printf_longlong_oct                     0x00000000   Number         0  stubs.o ABSOLUTE
    _printf_ls                               0x00000000   Number         0  stubs.o ABSOLUTE
    _printf_mbtowc                           0x00000000   Number         0  stubs.o ABSOLUTE
    _printf_n                                0x00000000   Number         0  stubs.o ABSOLUTE
    _printf_o                                0x00000000   Number         0  stubs.o ABSOLUTE
    _printf_p                                0x00000000   Number         0  stubs.o ABSOLUTE
    _printf_percent                          0x00000000   Number         0  stubs.o ABSOLUTE
    _printf_pre_padding                      0x00000000   Number         0  stubs.o ABSOLUTE
    _printf_return_value                     0x00000000   Number         0  stubs.o ABSOLUTE
    _printf_s                                0x00000000   Number         0  stubs.o ABSOLUTE
    _printf_sizespec                         0x00000000   Number         0  stubs.o ABSOLUTE
    _printf_str                              0x00000000   Number         0  stubs.o ABSOLUTE
    _printf_truncate_signed                  0x00000000   Number         0  stubs.o ABSOLUTE
    _printf_truncate_unsigned                0x00000000   Number         0  stubs.o ABSOLUTE
    _printf_u                                0x00000000   Number         0  stubs.o ABSOLUTE
    _printf_wc                               0x00000000   Number         0  stubs.o ABSOLUTE
    _printf_wctomb                           0x00000000   Number         0  stubs.o ABSOLUTE
    _printf_widthprec                        0x00000000   Number         0  stubs.o ABSOLUTE
    _printf_x                                0x00000000   Number         0  stubs.o ABSOLUTE
    __cpp_initialize__aeabi_                  - Undefined Weak Reference
    __cxa_finalize                            - Undefined Weak Reference
    __decompress                              - Undefined Weak Reference
    _clock_init                               - Undefined Weak Reference
    _microlib_exit                            - Undefined Weak Reference
    _scanf_longlong                           - Undefined Weak Reference
    _scanf_real                               - Undefined Weak Reference
    _scanf_string                             - Undefined Weak Reference
    __Vectors_Size                           0x000001d8   Number         0  startup_stm32g474xx.o ABSOLUTE
    __Vectors                                0x08000000   Data           4  startup_stm32g474xx.o(RESET)
    __Vectors_End                            0x080001d8   Data           0  startup_stm32g474xx.o(RESET)
    __main                                   0x080001d9   Thumb Code     0  entry.o(.ARM.Collect$$$$00000000)
    _main_stk                                0x080001d9   Thumb Code     0  entry2.o(.ARM.Collect$$$$00000001)
    _main_scatterload                        0x080001dd   Thumb Code     0  entry5.o(.ARM.Collect$$$$00000004)
    __main_after_scatterload                 0x080001e1   Thumb Code     0  entry5.o(.ARM.Collect$$$$00000004)
    _main_clock                              0x080001e1   Thumb Code     0  entry7b.o(.ARM.Collect$$$$00000008)
    _main_cpp_init                           0x080001e1   Thumb Code     0  entry8b.o(.ARM.Collect$$$$0000000A)
    _main_init                               0x080001e1   Thumb Code     0  entry9a.o(.ARM.Collect$$$$0000000B)
    __rt_final_cpp                           0x080001e9   Thumb Code     0  entry10a.o(.ARM.Collect$$$$0000000D)
    __rt_final_exit                          0x080001e9   Thumb Code     0  entry11a.o(.ARM.Collect$$$$0000000F)
    Reset_Handler                            0x080001ed   Thumb Code     8  startup_stm32g474xx.o(.text)
    ADC1_2_IRQHandler                        0x08000207   Thumb Code     0  startup_stm32g474xx.o(.text)
    ADC3_IRQHandler                          0x08000207   Thumb Code     0  startup_stm32g474xx.o(.text)
    ADC4_IRQHandler                          0x08000207   Thumb Code     0  startup_stm32g474xx.o(.text)
    ADC5_IRQHandler                          0x08000207   Thumb Code     0  startup_stm32g474xx.o(.text)
    COMP1_2_3_IRQHandler                     0x08000207   Thumb Code     0  startup_stm32g474xx.o(.text)
    COMP4_5_6_IRQHandler                     0x08000207   Thumb Code     0  startup_stm32g474xx.o(.text)
    COMP7_IRQHandler                         0x08000207   Thumb Code     0  startup_stm32g474xx.o(.text)
    CORDIC_IRQHandler                        0x08000207   Thumb Code     0  startup_stm32g474xx.o(.text)
    CRS_IRQHandler                           0x08000207   Thumb Code     0  startup_stm32g474xx.o(.text)
    DMA1_Channel1_IRQHandler                 0x08000207   Thumb Code     0  startup_stm32g474xx.o(.text)
    DMA1_Channel2_IRQHandler                 0x08000207   Thumb Code     0  startup_stm32g474xx.o(.text)
    DMA1_Channel3_IRQHandler                 0x08000207   Thumb Code     0  startup_stm32g474xx.o(.text)
    DMA1_Channel4_IRQHandler                 0x08000207   Thumb Code     0  startup_stm32g474xx.o(.text)
    DMA1_Channel5_IRQHandler                 0x08000207   Thumb Code     0  startup_stm32g474xx.o(.text)
    DMA1_Channel6_IRQHandler                 0x08000207   Thumb Code     0  startup_stm32g474xx.o(.text)
    DMA1_Channel7_IRQHandler                 0x08000207   Thumb Code     0  startup_stm32g474xx.o(.text)
    DMA1_Channel8_IRQHandler                 0x08000207   Thumb Code     0  startup_stm32g474xx.o(.text)
    DMA2_Channel1_IRQHandler                 0x08000207   Thumb Code     0  startup_stm32g474xx.o(.text)
    DMA2_Channel2_IRQHandler                 0x08000207   Thumb Code     0  startup_stm32g474xx.o(.text)
    DMA2_Channel3_IRQHandler                 0x08000207   Thumb Code     0  startup_stm32g474xx.o(.text)
    DMA2_Channel4_IRQHandler                 0x08000207   Thumb Code     0  startup_stm32g474xx.o(.text)
    DMA2_Channel5_IRQHandler                 0x08000207   Thumb Code     0  startup_stm32g474xx.o(.text)
    DMA2_Channel6_IRQHandler                 0x08000207   Thumb Code     0  startup_stm32g474xx.o(.text)
    DMA2_Channel7_IRQHandler                 0x08000207   Thumb Code     0  startup_stm32g474xx.o(.text)
    DMA2_Channel8_IRQHandler                 0x08000207   Thumb Code     0  startup_stm32g474xx.o(.text)
    DMAMUX_OVR_IRQHandler                    0x08000207   Thumb Code     0  startup_stm32g474xx.o(.text)
    EXTI0_IRQHandler                         0x08000207   Thumb Code     0  startup_stm32g474xx.o(.text)
    EXTI15_10_IRQHandler                     0x08000207   Thumb Code     0  startup_stm32g474xx.o(.text)
    EXTI1_IRQHandler                         0x08000207   Thumb Code     0  startup_stm32g474xx.o(.text)
    EXTI2_IRQHandler                         0x08000207   Thumb Code     0  startup_stm32g474xx.o(.text)
    EXTI3_IRQHandler                         0x08000207   Thumb Code     0  startup_stm32g474xx.o(.text)
    EXTI4_IRQHandler                         0x08000207   Thumb Code     0  startup_stm32g474xx.o(.text)
    EXTI9_5_IRQHandler                       0x08000207   Thumb Code     0  startup_stm32g474xx.o(.text)
    FDCAN1_IT0_IRQHandler                    0x08000207   Thumb Code     0  startup_stm32g474xx.o(.text)
    FDCAN1_IT1_IRQHandler                    0x08000207   Thumb Code     0  startup_stm32g474xx.o(.text)
    FDCAN2_IT0_IRQHandler                    0x08000207   Thumb Code     0  startup_stm32g474xx.o(.text)
    FDCAN2_IT1_IRQHandler                    0x08000207   Thumb Code     0  startup_stm32g474xx.o(.text)
    FDCAN3_IT0_IRQHandler                    0x08000207   Thumb Code     0  startup_stm32g474xx.o(.text)
    FDCAN3_IT1_IRQHandler                    0x08000207   Thumb Code     0  startup_stm32g474xx.o(.text)
    FLASH_IRQHandler                         0x08000207   Thumb Code     0  startup_stm32g474xx.o(.text)
    FMAC_IRQHandler                          0x08000207   Thumb Code     0  startup_stm32g474xx.o(.text)
    FMC_IRQHandler                           0x08000207   Thumb Code     0  startup_stm32g474xx.o(.text)
    FPU_IRQHandler                           0x08000207   Thumb Code     0  startup_stm32g474xx.o(.text)
    HRTIM1_FLT_IRQHandler                    0x08000207   Thumb Code     0  startup_stm32g474xx.o(.text)
    HRTIM1_Master_IRQHandler                 0x08000207   Thumb Code     0  startup_stm32g474xx.o(.text)
    HRTIM1_TIMA_IRQHandler                   0x08000207   Thumb Code     0  startup_stm32g474xx.o(.text)
    HRTIM1_TIMB_IRQHandler                   0x08000207   Thumb Code     0  startup_stm32g474xx.o(.text)
    HRTIM1_TIMC_IRQHandler                   0x08000207   Thumb Code     0  startup_stm32g474xx.o(.text)
    HRTIM1_TIMD_IRQHandler                   0x08000207   Thumb Code     0  startup_stm32g474xx.o(.text)
    HRTIM1_TIME_IRQHandler                   0x08000207   Thumb Code     0  startup_stm32g474xx.o(.text)
    HRTIM1_TIMF_IRQHandler                   0x08000207   Thumb Code     0  startup_stm32g474xx.o(.text)
    I2C1_ER_IRQHandler                       0x08000207   Thumb Code     0  startup_stm32g474xx.o(.text)
    I2C1_EV_IRQHandler                       0x08000207   Thumb Code     0  startup_stm32g474xx.o(.text)
    I2C2_ER_IRQHandler                       0x08000207   Thumb Code     0  startup_stm32g474xx.o(.text)
    I2C2_EV_IRQHandler                       0x08000207   Thumb Code     0  startup_stm32g474xx.o(.text)
    I2C3_ER_IRQHandler                       0x08000207   Thumb Code     0  startup_stm32g474xx.o(.text)
    I2C3_EV_IRQHandler                       0x08000207   Thumb Code     0  startup_stm32g474xx.o(.text)
    I2C4_ER_IRQHandler                       0x08000207   Thumb Code     0  startup_stm32g474xx.o(.text)
    I2C4_EV_IRQHandler                       0x08000207   Thumb Code     0  startup_stm32g474xx.o(.text)
    LPTIM1_IRQHandler                        0x08000207   Thumb Code     0  startup_stm32g474xx.o(.text)
    LPUART1_IRQHandler                       0x08000207   Thumb Code     0  startup_stm32g474xx.o(.text)
    PVD_PVM_IRQHandler                       0x08000207   Thumb Code     0  startup_stm32g474xx.o(.text)
    QUADSPI_IRQHandler                       0x08000207   Thumb Code     0  startup_stm32g474xx.o(.text)
    RCC_IRQHandler                           0x08000207   Thumb Code     0  startup_stm32g474xx.o(.text)
    RNG_IRQHandler                           0x08000207   Thumb Code     0  startup_stm32g474xx.o(.text)
    RTC_Alarm_IRQHandler                     0x08000207   Thumb Code     0  startup_stm32g474xx.o(.text)
    RTC_TAMP_LSECSS_IRQHandler               0x08000207   Thumb Code     0  startup_stm32g474xx.o(.text)
    RTC_WKUP_IRQHandler                      0x08000207   Thumb Code     0  startup_stm32g474xx.o(.text)
    SAI1_IRQHandler                          0x08000207   Thumb Code     0  startup_stm32g474xx.o(.text)
    SPI1_IRQHandler                          0x08000207   Thumb Code     0  startup_stm32g474xx.o(.text)
    SPI2_IRQHandler                          0x08000207   Thumb Code     0  startup_stm32g474xx.o(.text)
    SPI3_IRQHandler                          0x08000207   Thumb Code     0  startup_stm32g474xx.o(.text)
    SPI4_IRQHandler                          0x08000207   Thumb Code     0  startup_stm32g474xx.o(.text)
    TIM1_BRK_TIM15_IRQHandler                0x08000207   Thumb Code     0  startup_stm32g474xx.o(.text)
    TIM1_CC_IRQHandler                       0x08000207   Thumb Code     0  startup_stm32g474xx.o(.text)
    TIM1_TRG_COM_TIM17_IRQHandler            0x08000207   Thumb Code     0  startup_stm32g474xx.o(.text)
    TIM1_UP_TIM16_IRQHandler                 0x08000207   Thumb Code     0  startup_stm32g474xx.o(.text)
    TIM20_BRK_IRQHandler                     0x08000207   Thumb Code     0  startup_stm32g474xx.o(.text)
    TIM20_CC_IRQHandler                      0x08000207   Thumb Code     0  startup_stm32g474xx.o(.text)
    TIM20_TRG_COM_IRQHandler                 0x08000207   Thumb Code     0  startup_stm32g474xx.o(.text)
    TIM20_UP_IRQHandler                      0x08000207   Thumb Code     0  startup_stm32g474xx.o(.text)
    TIM2_IRQHandler                          0x08000207   Thumb Code     0  startup_stm32g474xx.o(.text)
    TIM3_IRQHandler                          0x08000207   Thumb Code     0  startup_stm32g474xx.o(.text)
    TIM4_IRQHandler                          0x08000207   Thumb Code     0  startup_stm32g474xx.o(.text)
    TIM5_IRQHandler                          0x08000207   Thumb Code     0  startup_stm32g474xx.o(.text)
    TIM6_DAC_IRQHandler                      0x08000207   Thumb Code     0  startup_stm32g474xx.o(.text)
    TIM7_DAC_IRQHandler                      0x08000207   Thumb Code     0  startup_stm32g474xx.o(.text)
    TIM8_BRK_IRQHandler                      0x08000207   Thumb Code     0  startup_stm32g474xx.o(.text)
    TIM8_CC_IRQHandler                       0x08000207   Thumb Code     0  startup_stm32g474xx.o(.text)
    TIM8_TRG_COM_IRQHandler                  0x08000207   Thumb Code     0  startup_stm32g474xx.o(.text)
    TIM8_UP_IRQHandler                       0x08000207   Thumb Code     0  startup_stm32g474xx.o(.text)
    UART4_IRQHandler                         0x08000207   Thumb Code     0  startup_stm32g474xx.o(.text)
    UART5_IRQHandler                         0x08000207   Thumb Code     0  startup_stm32g474xx.o(.text)
    UCPD1_IRQHandler                         0x08000207   Thumb Code     0  startup_stm32g474xx.o(.text)
    USART2_IRQHandler                        0x08000207   Thumb Code     0  startup_stm32g474xx.o(.text)
    USART3_IRQHandler                        0x08000207   Thumb Code     0  startup_stm32g474xx.o(.text)
    USBWakeUp_IRQHandler                     0x08000207   Thumb Code     0  startup_stm32g474xx.o(.text)
    USB_HP_IRQHandler                        0x08000207   Thumb Code     0  startup_stm32g474xx.o(.text)
    USB_LP_IRQHandler                        0x08000207   Thumb Code     0  startup_stm32g474xx.o(.text)
    WWDG_IRQHandler                          0x08000207   Thumb Code     0  startup_stm32g474xx.o(.text)
    __aeabi_uldivmod                         0x08000211   Thumb Code    98  uldiv.o(.text)
    __aeabi_memset                           0x08000273   Thumb Code    14  memseta.o(.text)
    __aeabi_memset4                          0x08000273   Thumb Code     0  memseta.o(.text)
    __aeabi_memset8                          0x08000273   Thumb Code     0  memseta.o(.text)
    __aeabi_memclr                           0x08000281   Thumb Code     4  memseta.o(.text)
    __aeabi_memclr4                          0x08000281   Thumb Code     0  memseta.o(.text)
    __aeabi_memclr8                          0x08000281   Thumb Code     0  memseta.o(.text)
    _memset$wrapper                          0x08000285   Thumb Code    18  memseta.o(.text)
    __0sscanf                                0x08000299   Thumb Code    48  __0sscanf.o(.text)
    _scanf_int                               0x080002d1   Thumb Code   332  _scanf_int.o(.text)
    __aeabi_dmul                             0x0800041d   Thumb Code   228  dmul.o(.text)
    __aeabi_i2d                              0x08000501   Thumb Code    34  dflti.o(.text)
    __aeabi_d2uiz                            0x08000523   Thumb Code    50  dfixui.o(.text)
    __aeabi_uidiv                            0x08000555   Thumb Code     0  uidiv.o(.text)
    __aeabi_uidivmod                         0x08000555   Thumb Code    44  uidiv.o(.text)
    __aeabi_llsl                             0x08000581   Thumb Code    30  llshl.o(.text)
    _ll_shift_l                              0x08000581   Thumb Code     0  llshl.o(.text)
    __aeabi_llsr                             0x0800059f   Thumb Code    32  llushr.o(.text)
    _ll_ushift_r                             0x0800059f   Thumb Code     0  llushr.o(.text)
    _chval                                   0x080005bf   Thumb Code    28  _chval.o(.text)
    __vfscanf_char                           0x080005e9   Thumb Code    20  scanf_char.o(.text)
    _sgetc                                   0x08000605   Thumb Code    30  _sgetc.o(.text)
    _sbackspace                              0x08000623   Thumb Code    34  _sgetc.o(.text)
    __I$use$fp                               0x08000645   Thumb Code     0  iusefp.o(.text)
    _double_round                            0x08000645   Thumb Code    30  depilogue.o(.text)
    _double_epilogue                         0x08000663   Thumb Code   156  depilogue.o(.text)
    __aeabi_dadd                             0x080006ff   Thumb Code   322  dadd.o(.text)
    __aeabi_dsub                             0x08000841   Thumb Code     6  dadd.o(.text)
    __aeabi_drsub                            0x08000847   Thumb Code     6  dadd.o(.text)
    __aeabi_ddiv                             0x0800084d   Thumb Code   222  ddiv.o(.text)
    __aeabi_d2ulz                            0x0800092b   Thumb Code    48  dfixul.o(.text)
    __aeabi_cdrcmple                         0x0800095d   Thumb Code    48  cdrcmple.o(.text)
    __scatterload                            0x0800098d   Thumb Code    28  init.o(.text)
    __scatterload_rt2                        0x0800098d   Thumb Code     0  init.o(.text)
    __aeabi_lasr                             0x080009b1   Thumb Code    36  llsshr.o(.text)
    _ll_sshift_r                             0x080009b1   Thumb Code     0  llsshr.o(.text)
    isspace                                  0x080009d5   Thumb Code    10  isspace_c.o(.text)
    __vfscanf                                0x080009e1   Thumb Code   808  _scanf.o(.text)
    __ctype_lookup                           0x08000d0d   Thumb Code    34  ctype_c.o(.text)
    BusFault_Handler                         0x08000d35   Thumb Code     4  stm32g4xx_it.o(i.BusFault_Handler)
    DebugMon_Handler                         0x08000d39   Thumb Code     2  stm32g4xx_it.o(i.DebugMon_Handler)
    HAL_DMA_Abort                            0x08000d3b   Thumb Code   118  stm32g4xx_hal_dma.o(i.HAL_DMA_Abort)
    HAL_DMA_Abort_IT                         0x08000db1   Thumb Code   148  stm32g4xx_hal_dma.o(i.HAL_DMA_Abort_IT)
    HAL_GPIO_Init                            0x08000e45   Thumb Code   428  stm32g4xx_hal_gpio.o(i.HAL_GPIO_Init)
    HAL_GPIO_WritePin                        0x08001011   Thumb Code    10  stm32g4xx_hal_gpio.o(i.HAL_GPIO_WritePin)
    HAL_GetREVID                             0x0800101d   Thumb Code     8  stm32g4xx_hal.o(i.HAL_GetREVID)
    HAL_GetTick                              0x08001029   Thumb Code     6  stm32g4xx_hal.o(i.HAL_GetTick)
    HAL_IncTick                              0x08001035   Thumb Code    16  stm32g4xx_hal.o(i.HAL_IncTick)
    HAL_Init                                 0x0800104d   Thumb Code    30  stm32g4xx_hal.o(i.HAL_Init)
    HAL_InitTick                             0x0800106d   Thumb Code    74  stm32g4xx_hal.o(i.HAL_InitTick)
    HAL_MspInit                              0x080010c5   Thumb Code     2  stm32g4xx_hal.o(i.HAL_MspInit)
    HAL_NVIC_EnableIRQ                       0x080010c7   Thumb Code    40  stm32g4xx_hal_cortex.o(i.HAL_NVIC_EnableIRQ)
    HAL_NVIC_SetPriority                     0x080010ef   Thumb Code   122  stm32g4xx_hal_cortex.o(i.HAL_NVIC_SetPriority)
    HAL_NVIC_SetPriorityGrouping             0x08001169   Thumb Code    32  stm32g4xx_hal_cortex.o(i.HAL_NVIC_SetPriorityGrouping)
    HAL_PWREx_ControlVoltageScaling          0x08001191   Thumb Code   268  stm32g4xx_hal_pwr_ex.o(i.HAL_PWREx_ControlVoltageScaling)
    HAL_RCC_ClockConfig                      0x080012a9   Thumb Code   522  stm32g4xx_hal_rcc.o(i.HAL_RCC_ClockConfig)
    HAL_RCC_GetHCLKFreq                      0x080014cd   Thumb Code     6  stm32g4xx_hal_rcc.o(i.HAL_RCC_GetHCLKFreq)
    HAL_RCC_GetPCLK1Freq                     0x080014d9   Thumb Code    26  stm32g4xx_hal_rcc.o(i.HAL_RCC_GetPCLK1Freq)
    HAL_RCC_GetPCLK2Freq                     0x080014fd   Thumb Code    26  stm32g4xx_hal_rcc.o(i.HAL_RCC_GetPCLK2Freq)
    HAL_RCC_GetSysClockFreq                  0x08001521   Thumb Code   138  stm32g4xx_hal_rcc.o(i.HAL_RCC_GetSysClockFreq)
    HAL_RCC_OscConfig                        0x080015b9   Thumb Code  1370  stm32g4xx_hal_rcc.o(i.HAL_RCC_OscConfig)
    HAL_SPI_Init                             0x08001b21   Thumb Code   322  stm32g4xx_hal_spi.o(i.HAL_SPI_Init)
    HAL_SPI_MspInit                          0x08001c65   Thumb Code   124  spi.o(i.HAL_SPI_MspInit)
    HAL_SPI_Transmit                         0x08001ced   Thumb Code   546  stm32g4xx_hal_spi.o(i.HAL_SPI_Transmit)
    HAL_SPI_TransmitReceive                  0x08001f0f   Thumb Code  1004  stm32g4xx_hal_spi.o(i.HAL_SPI_TransmitReceive)
    HAL_SYSTICK_CLKSourceConfig              0x080022fb   Thumb Code    40  stm32g4xx_hal_cortex.o(i.HAL_SYSTICK_CLKSourceConfig)
    HAL_SYSTICK_Config                       0x08002323   Thumb Code    52  stm32g4xx_hal_cortex.o(i.HAL_SYSTICK_Config)
    HAL_TIM_PWM_ConfigChannel                0x08002357   Thumb Code   368  stm32g4xx_hal_tim.o(i.HAL_TIM_PWM_ConfigChannel)
    HAL_TIM_PWM_Init                         0x080024c7   Thumb Code   110  stm32g4xx_hal_tim.o(i.HAL_TIM_PWM_Init)
    HAL_TIM_PWM_MspInit                      0x08002535   Thumb Code   122  atim.o(i.HAL_TIM_PWM_MspInit)
    HAL_TIM_PWM_Start                        0x080025bd   Thumb Code   322  stm32g4xx_hal_tim.o(i.HAL_TIM_PWM_Start)
    HAL_UARTEx_RxEventCallback               0x08002729   Thumb Code     2  stm32g4xx_hal_uart.o(i.HAL_UARTEx_RxEventCallback)
    HAL_UARTEx_RxFifoFullCallback            0x0800272b   Thumb Code     2  stm32g4xx_hal_uart_ex.o(i.HAL_UARTEx_RxFifoFullCallback)
    HAL_UARTEx_TxFifoEmptyCallback           0x0800272d   Thumb Code     2  stm32g4xx_hal_uart_ex.o(i.HAL_UARTEx_TxFifoEmptyCallback)
    HAL_UARTEx_WakeupCallback                0x0800272f   Thumb Code     2  stm32g4xx_hal_uart_ex.o(i.HAL_UARTEx_WakeupCallback)
    HAL_UART_ErrorCallback                   0x08002731   Thumb Code     2  stm32g4xx_hal_uart.o(i.HAL_UART_ErrorCallback)
    HAL_UART_GetState                        0x08002733   Thumb Code    16  stm32g4xx_hal_uart.o(i.HAL_UART_GetState)
    HAL_UART_IRQHandler                      0x08002745   Thumb Code   898  stm32g4xx_hal_uart.o(i.HAL_UART_IRQHandler)
    HAL_UART_Init                            0x08002ad5   Thumb Code   120  stm32g4xx_hal_uart.o(i.HAL_UART_Init)
    HAL_UART_MspInit                         0x08002b4d   Thumb Code   170  usart.o(i.HAL_UART_MspInit)
    HAL_UART_Receive_IT                      0x08002c05   Thumb Code   110  stm32g4xx_hal_uart.o(i.HAL_UART_Receive_IT)
    HAL_UART_RxCpltCallback                  0x08002c79   Thumb Code   120  usart.o(i.HAL_UART_RxCpltCallback)
    HAL_UART_TxCpltCallback                  0x08002d01   Thumb Code     2  stm32g4xx_hal_uart.o(i.HAL_UART_TxCpltCallback)
    HardFault_Handler                        0x08002d03   Thumb Code     4  stm32g4xx_it.o(i.HardFault_Handler)
    MemManage_Handler                        0x08002d07   Thumb Code     4  stm32g4xx_it.o(i.MemManage_Handler)
    NMI_Handler                              0x08002d0b   Thumb Code     2  stm32g4xx_it.o(i.NMI_Handler)
    PendSV_Handler                           0x08002d0d   Thumb Code     2  stm32g4xx_it.o(i.PendSV_Handler)
    SVC_Handler                              0x08002fad   Thumb Code     2  stm32g4xx_it.o(i.SVC_Handler)
    SysTick_Handler                          0x08002faf   Thumb Code     8  stm32g4xx_it.o(i.SysTick_Handler)
    SystemInit                               0x08002fb9   Thumb Code    14  system_stm32g4xx.o(i.SystemInit)
    TIM_Base_SetConfig                       0x08002fcd   Thumb Code   188  stm32g4xx_hal_tim.o(i.TIM_Base_SetConfig)
    TIM_CCxChannelCmd                        0x080030ad   Thumb Code    34  stm32g4xx_hal_tim.o(i.TIM_CCxChannelCmd)
    TIM_OC2_SetConfig                        0x0800318d   Thumb Code   170  stm32g4xx_hal_tim.o(i.TIM_OC2_SetConfig)
    UART_AdvFeatureConfig                    0x080034d5   Thumb Code   248  stm32g4xx_hal_uart.o(i.UART_AdvFeatureConfig)
    UART_CheckIdleState                      0x080035cd   Thumb Code   118  stm32g4xx_hal_uart.o(i.UART_CheckIdleState)
    UART_SetConfig                           0x08003c2d   Thumb Code   922  stm32g4xx_hal_uart.o(i.UART_SetConfig)
    UART_Start_Receive_IT                    0x08003ff5   Thumb Code   352  stm32g4xx_hal_uart.o(i.UART_Start_Receive_IT)
    UART_WaitOnFlagUntilTimeout              0x08004165   Thumb Code   254  stm32g4xx_hal_uart.o(i.UART_WaitOnFlagUntilTimeout)
    USART1_IRQHandler                        0x08004265   Thumb Code    66  usart.o(i.USART1_IRQHandler)
    UsageFault_Handler                       0x080042b5   Thumb Code     4  stm32g4xx_it.o(i.UsageFault_Handler)
    __0printf                                0x080042b9   Thumb Code    22  printfa.o(i.__0printf)
    __1printf                                0x080042b9   Thumb Code     0  printfa.o(i.__0printf)
    __2printf                                0x080042b9   Thumb Code     0  printfa.o(i.__0printf)
    __c89printf                              0x080042b9   Thumb Code     0  printfa.o(i.__0printf)
    printf                                   0x080042b9   Thumb Code     0  printfa.o(i.__0printf)
    __scatterload_copy                       0x08004311   Thumb Code    14  handlers.o(i.__scatterload_copy)
    __scatterload_null                       0x0800431f   Thumb Code     2  handlers.o(i.__scatterload_null)
    __scatterload_zeroinit                   0x08004321   Thumb Code    14  handlers.o(i.__scatterload_zeroinit)
    angle_to_tim_val                         0x08004be5   Thumb Code    84  steering_engine.o(i.angle_to_tim_val)
    atim_timx_pwm_chy_init                   0x08004c45   Thumb Code   224  atim.o(i.atim_timx_pwm_chy_init)
    delay_init                               0x08004d3d   Thumb Code    16  delay.o(i.delay_init)
    delay_ms                                 0x08004d51   Thumb Code    18  delay.o(i.delay_ms)
    delay_us                                 0x08004d65   Thumb Code    68  delay.o(i.delay_us)
    fputc                                    0x08004dad   Thumb Code    24  usart.o(i.fputc)
    key_init                                 0x08004dc9   Thumb Code   176  key.o(i.key_init)
    lcd_address_set                          0x08004e81   Thumb Code    82  lcd.o(i.lcd_address_set)
    lcd_clear                                0x08004ed5   Thumb Code   108  lcd.o(i.lcd_clear)
    lcd_init                                 0x0800508d   Thumb Code   414  lcd.o(i.lcd_init)
    main                                     0x080052dd   Thumb Code   126  main.o(i.main)
    parse_cmd                                0x080053b9   Thumb Code    68  main.o(i.parse_cmd)
    servo_angle_set                          0x08005429   Thumb Code    66  steering_engine.o(i.servo_angle_set)
    spi1_init                                0x08005471   Thumb Code   114  spi.o(i.spi1_init)
    spi1_read_write_byte                     0x080054f1   Thumb Code    28  spi.o(i.spi1_read_write_byte)
    spi1_write_data                          0x08005511   Thumb Code    22  spi.o(i.spi1_write_data)
    sys_stm32_clock_init                     0x0800552d   Thumb Code   178  sys.o(i.sys_stm32_clock_init)
    usart_init                               0x080055e9   Thumb Code    44  usart.o(i.usart_init)
    AHBPrescTable                            0x08005620   Data          16  system_stm32g4xx.o(.constdata)
    APBPrescTable                            0x08005630   Data           8  system_stm32g4xx.o(.constdata)
    UARTPrescTable                           0x08005638   Data          24  stm32g4xx_hal_uart.o(.constdata)
    __ctype_categories                       0x08005650   Data          64  ctype_c.o(.constdata)
    Region$$Table$$Base                      0x08005690   Number         0  anon$$obj.o(Region$$Table)
    Region$$Table$$Limit                     0x080056b0   Number         0  anon$$obj.o(Region$$Table)
    gotNewByte                               0x20000000   Data           1  main.o(.data)
    rxCounter                                0x20000001   Data           1  main.o(.data)
    x                                        0x20000002   Data           1  main.o(.data)
    y                                        0x20000003   Data           1  main.o(.data)
    SystemCoreClock                          0x20000004   Data           4  system_stm32g4xx.o(.data)
    __stdout                                 0x2000000c   Data           4  usart.o(.data)
    g_usart_rx_sta                           0x20000010   Data           2  usart.o(.data)
    g_rx_buffer                              0x20000012   Data           1  usart.o(.data)
    uwTick                                   0x20000014   Data           4  stm32g4xx_hal.o(.data)
    uwTickPrio                               0x20000018   Data           4  stm32g4xx_hal.o(.data)
    uwTickFreq                               0x2000001c   Data           4  stm32g4xx_hal.o(.data)
    g_usart_rx_buf                           0x20000020   Data         200  usart.o(.bss)
    g_uart1_handle                           0x200000e8   Data         144  usart.o(.bss)
    g_atimx_pwm_chy_handle                   0x20000178   Data          76  atim.o(.bss)
    g_atimx_oc_pwm_chy_handle                0x200001c4   Data          28  atim.o(.bss)
    g_spi1_handler                           0x20002ee0   Data         100  spi.o(.bss)
    __initial_sp                             0x20003348   Data           0  startup_stm32g474xx.o(STACK)



==============================================================================

Memory Map of the image

  Image Entry point : 0x080001d9

  Load Region LR_IROM1 (Base: 0x08000000, Size: 0x000056d0, Max: 0x00080000, ABSOLUTE)

    Execution Region ER_IROM1 (Exec base: 0x08000000, Load base: 0x08000000, Size: 0x000056b0, Max: 0x00080000, ABSOLUTE)

    Exec Addr    Load Addr    Size         Type   Attr      Idx    E Section Name        Object

    0x08000000   0x08000000   0x000001d8   Data   RO            3    RESET               startup_stm32g474xx.o
    0x080001d8   0x080001d8   0x00000000   Code   RO         4580  * .ARM.Collect$$$$00000000  mc_w.l(entry.o)
    0x080001d8   0x080001d8   0x00000004   Code   RO         4860    .ARM.Collect$$$$00000001  mc_w.l(entry2.o)
    0x080001dc   0x080001dc   0x00000004   Code   RO         4863    .ARM.Collect$$$$00000004  mc_w.l(entry5.o)
    0x080001e0   0x080001e0   0x00000000   Code   RO         4865    .ARM.Collect$$$$00000008  mc_w.l(entry7b.o)
    0x080001e0   0x080001e0   0x00000000   Code   RO         4867    .ARM.Collect$$$$0000000A  mc_w.l(entry8b.o)
    0x080001e0   0x080001e0   0x00000008   Code   RO         4868    .ARM.Collect$$$$0000000B  mc_w.l(entry9a.o)
    0x080001e8   0x080001e8   0x00000000   Code   RO         4870    .ARM.Collect$$$$0000000D  mc_w.l(entry10a.o)
    0x080001e8   0x080001e8   0x00000000   Code   RO         4872    .ARM.Collect$$$$0000000F  mc_w.l(entry11a.o)
    0x080001e8   0x080001e8   0x00000004   Code   RO         4861    .ARM.Collect$$$$00002712  mc_w.l(entry2.o)
    0x080001ec   0x080001ec   0x00000024   Code   RO            4    .text               startup_stm32g474xx.o
    0x08000210   0x08000210   0x00000062   Code   RO         4583    .text               mc_w.l(uldiv.o)
    0x08000272   0x08000272   0x00000024   Code   RO         4585    .text               mc_w.l(memseta.o)
    0x08000296   0x08000296   0x00000002   PAD
    0x08000298   0x08000298   0x00000038   Code   RO         4848    .text               mc_w.l(__0sscanf.o)
    0x080002d0   0x080002d0   0x0000014c   Code   RO         4850    .text               mc_w.l(_scanf_int.o)
    0x0800041c   0x0800041c   0x000000e4   Code   RO         4852    .text               mf_w.l(dmul.o)
    0x08000500   0x08000500   0x00000022   Code   RO         4854    .text               mf_w.l(dflti.o)
    0x08000522   0x08000522   0x00000032   Code   RO         4856    .text               mf_w.l(dfixui.o)
    0x08000554   0x08000554   0x0000002c   Code   RO         4874    .text               mc_w.l(uidiv.o)
    0x08000580   0x08000580   0x0000001e   Code   RO         4876    .text               mc_w.l(llshl.o)
    0x0800059e   0x0800059e   0x00000020   Code   RO         4878    .text               mc_w.l(llushr.o)
    0x080005be   0x080005be   0x0000001c   Code   RO         4880    .text               mc_w.l(_chval.o)
    0x080005da   0x080005da   0x00000002   PAD
    0x080005dc   0x080005dc   0x00000028   Code   RO         4882    .text               mc_w.l(scanf_char.o)
    0x08000604   0x08000604   0x00000040   Code   RO         4884    .text               mc_w.l(_sgetc.o)
    0x08000644   0x08000644   0x00000000   Code   RO         4886    .text               mc_w.l(iusefp.o)
    0x08000644   0x08000644   0x000000ba   Code   RO         4887    .text               mf_w.l(depilogue.o)
    0x080006fe   0x080006fe   0x0000014e   Code   RO         4889    .text               mf_w.l(dadd.o)
    0x0800084c   0x0800084c   0x000000de   Code   RO         4891    .text               mf_w.l(ddiv.o)
    0x0800092a   0x0800092a   0x00000030   Code   RO         4893    .text               mf_w.l(dfixul.o)
    0x0800095a   0x0800095a   0x00000002   PAD
    0x0800095c   0x0800095c   0x00000030   Code   RO         4895    .text               mf_w.l(cdrcmple.o)
    0x0800098c   0x0800098c   0x00000024   Code   RO         4897    .text               mc_w.l(init.o)
    0x080009b0   0x080009b0   0x00000024   Code   RO         4899    .text               mc_w.l(llsshr.o)
    0x080009d4   0x080009d4   0x0000000a   Code   RO         4901    .text               mc_w.l(isspace_c.o)
    0x080009de   0x080009de   0x00000002   PAD
    0x080009e0   0x080009e0   0x0000032c   Code   RO         4903    .text               mc_w.l(_scanf.o)
    0x08000d0c   0x08000d0c   0x00000028   Code   RO         4905    .text               mc_w.l(ctype_c.o)
    0x08000d34   0x08000d34   0x00000004   Code   RO          318    i.BusFault_Handler  stm32g4xx_it.o
    0x08000d38   0x08000d38   0x00000002   Code   RO          319    i.DebugMon_Handler  stm32g4xx_it.o
    0x08000d3a   0x08000d3a   0x00000076   Code   RO         1001    i.HAL_DMA_Abort     stm32g4xx_hal_dma.o
    0x08000db0   0x08000db0   0x00000094   Code   RO         1002    i.HAL_DMA_Abort_IT  stm32g4xx_hal_dma.o
    0x08000e44   0x08000e44   0x000001cc   Code   RO         1106    i.HAL_GPIO_Init     stm32g4xx_hal_gpio.o
    0x08001010   0x08001010   0x0000000a   Code   RO         1110    i.HAL_GPIO_WritePin  stm32g4xx_hal_gpio.o
    0x0800101a   0x0800101a   0x00000002   PAD
    0x0800101c   0x0800101c   0x0000000c   Code   RO          634    i.HAL_GetREVID      stm32g4xx_hal.o
    0x08001028   0x08001028   0x0000000c   Code   RO          635    i.HAL_GetTick       stm32g4xx_hal.o
    0x08001034   0x08001034   0x00000018   Code   RO          638    i.HAL_IncTick       stm32g4xx_hal.o
    0x0800104c   0x0800104c   0x0000001e   Code   RO          639    i.HAL_Init          stm32g4xx_hal.o
    0x0800106a   0x0800106a   0x00000002   PAD
    0x0800106c   0x0800106c   0x00000058   Code   RO          640    i.HAL_InitTick      stm32g4xx_hal.o
    0x080010c4   0x080010c4   0x00000002   Code   RO          642    i.HAL_MspInit       stm32g4xx_hal.o
    0x080010c6   0x080010c6   0x00000028   Code   RO          863    i.HAL_NVIC_EnableIRQ  stm32g4xx_hal_cortex.o
    0x080010ee   0x080010ee   0x0000007a   Code   RO          869    i.HAL_NVIC_SetPriority  stm32g4xx_hal_cortex.o
    0x08001168   0x08001168   0x00000028   Code   RO          870    i.HAL_NVIC_SetPriorityGrouping  stm32g4xx_hal_cortex.o
    0x08001190   0x08001190   0x00000118   Code   RO         1820    i.HAL_PWREx_ControlVoltageScaling  stm32g4xx_hal_pwr_ex.o
    0x080012a8   0x080012a8   0x00000224   Code   RO         1170    i.HAL_RCC_ClockConfig  stm32g4xx_hal_rcc.o
    0x080014cc   0x080014cc   0x0000000c   Code   RO         1176    i.HAL_RCC_GetHCLKFreq  stm32g4xx_hal_rcc.o
    0x080014d8   0x080014d8   0x00000024   Code   RO         1178    i.HAL_RCC_GetPCLK1Freq  stm32g4xx_hal_rcc.o
    0x080014fc   0x080014fc   0x00000024   Code   RO         1179    i.HAL_RCC_GetPCLK2Freq  stm32g4xx_hal_rcc.o
    0x08001520   0x08001520   0x00000098   Code   RO         1180    i.HAL_RCC_GetSysClockFreq  stm32g4xx_hal_rcc.o
    0x080015b8   0x080015b8   0x00000568   Code   RO         1183    i.HAL_RCC_OscConfig  stm32g4xx_hal_rcc.o
    0x08001b20   0x08001b20   0x00000142   Code   RO         3894    i.HAL_SPI_Init      stm32g4xx_hal_spi.o
    0x08001c62   0x08001c62   0x00000002   PAD
    0x08001c64   0x08001c64   0x00000088   Code   RO         4501    i.HAL_SPI_MspInit   spi.o
    0x08001cec   0x08001cec   0x00000222   Code   RO         3902    i.HAL_SPI_Transmit  stm32g4xx_hal_spi.o
    0x08001f0e   0x08001f0e   0x000003ec   Code   RO         3903    i.HAL_SPI_TransmitReceive  stm32g4xx_hal_spi.o
    0x080022fa   0x080022fa   0x00000028   Code   RO          872    i.HAL_SYSTICK_CLKSourceConfig  stm32g4xx_hal_cortex.o
    0x08002322   0x08002322   0x00000034   Code   RO          874    i.HAL_SYSTICK_Config  stm32g4xx_hal_cortex.o
    0x08002356   0x08002356   0x00000170   Code   RO         2801    i.HAL_TIM_PWM_ConfigChannel  stm32g4xx_hal_tim.o
    0x080024c6   0x080024c6   0x0000006e   Code   RO         2804    i.HAL_TIM_PWM_Init  stm32g4xx_hal_tim.o
    0x08002534   0x08002534   0x00000088   Code   RO         4278    i.HAL_TIM_PWM_MspInit  atim.o
    0x080025bc   0x080025bc   0x0000016c   Code   RO         2809    i.HAL_TIM_PWM_Start  stm32g4xx_hal_tim.o
    0x08002728   0x08002728   0x00000002   Code   RO         2068    i.HAL_UARTEx_RxEventCallback  stm32g4xx_hal_uart.o
    0x0800272a   0x0800272a   0x00000002   Code   RO         2617    i.HAL_UARTEx_RxFifoFullCallback  stm32g4xx_hal_uart_ex.o
    0x0800272c   0x0800272c   0x00000002   Code   RO         2621    i.HAL_UARTEx_TxFifoEmptyCallback  stm32g4xx_hal_uart_ex.o
    0x0800272e   0x0800272e   0x00000002   Code   RO         2622    i.HAL_UARTEx_WakeupCallback  stm32g4xx_hal_uart_ex.o
    0x08002730   0x08002730   0x00000002   Code   RO         2084    i.HAL_UART_ErrorCallback  stm32g4xx_hal_uart.o
    0x08002732   0x08002732   0x00000010   Code   RO         2086    i.HAL_UART_GetState  stm32g4xx_hal_uart.o
    0x08002742   0x08002742   0x00000002   PAD
    0x08002744   0x08002744   0x00000390   Code   RO         2087    i.HAL_UART_IRQHandler  stm32g4xx_hal_uart.o
    0x08002ad4   0x08002ad4   0x00000078   Code   RO         2088    i.HAL_UART_Init     stm32g4xx_hal_uart.o
    0x08002b4c   0x08002b4c   0x000000b8   Code   RO          547    i.HAL_UART_MspInit  usart.o
    0x08002c04   0x08002c04   0x00000074   Code   RO         2093    i.HAL_UART_Receive_IT  stm32g4xx_hal_uart.o
    0x08002c78   0x08002c78   0x00000088   Code   RO          548    i.HAL_UART_RxCpltCallback  usart.o
    0x08002d00   0x08002d00   0x00000002   Code   RO         2100    i.HAL_UART_TxCpltCallback  stm32g4xx_hal_uart.o
    0x08002d02   0x08002d02   0x00000004   Code   RO          320    i.HardFault_Handler  stm32g4xx_it.o
    0x08002d06   0x08002d06   0x00000004   Code   RO          321    i.MemManage_Handler  stm32g4xx_it.o
    0x08002d0a   0x08002d0a   0x00000002   Code   RO          322    i.NMI_Handler       stm32g4xx_it.o
    0x08002d0c   0x08002d0c   0x00000002   Code   RO          323    i.PendSV_Handler    stm32g4xx_it.o
    0x08002d0e   0x08002d0e   0x00000002   PAD
    0x08002d10   0x08002d10   0x00000068   Code   RO         1184    i.RCC_GetSysClockFreqFromPLLSource  stm32g4xx_hal_rcc.o
    0x08002d78   0x08002d78   0x00000064   Code   RO         3934    i.SPI_EndRxTxTransaction  stm32g4xx_hal_spi.o
    0x08002ddc   0x08002ddc   0x000000f8   Code   RO         3941    i.SPI_WaitFifoStateUntilTimeout  stm32g4xx_hal_spi.o
    0x08002ed4   0x08002ed4   0x000000d8   Code   RO         3942    i.SPI_WaitFlagStateUntilTimeout  stm32g4xx_hal_spi.o
    0x08002fac   0x08002fac   0x00000002   Code   RO          324    i.SVC_Handler       stm32g4xx_it.o
    0x08002fae   0x08002fae   0x00000008   Code   RO          325    i.SysTick_Handler   stm32g4xx_it.o
    0x08002fb6   0x08002fb6   0x00000002   PAD
    0x08002fb8   0x08002fb8   0x00000014   Code   RO          394    i.SystemInit        system_stm32g4xx.o
    0x08002fcc   0x08002fcc   0x000000e0   Code   RO         2822    i.TIM_Base_SetConfig  stm32g4xx_hal_tim.o
    0x080030ac   0x080030ac   0x00000022   Code   RO         2823    i.TIM_CCxChannelCmd  stm32g4xx_hal_tim.o
    0x080030ce   0x080030ce   0x00000002   PAD
    0x080030d0   0x080030d0   0x000000bc   Code   RO         2835    i.TIM_OC1_SetConfig  stm32g4xx_hal_tim.o
    0x0800318c   0x0800318c   0x000000c8   Code   RO         2836    i.TIM_OC2_SetConfig  stm32g4xx_hal_tim.o
    0x08003254   0x08003254   0x000000c4   Code   RO         2837    i.TIM_OC3_SetConfig  stm32g4xx_hal_tim.o
    0x08003318   0x08003318   0x000000c8   Code   RO         2838    i.TIM_OC4_SetConfig  stm32g4xx_hal_tim.o
    0x080033e0   0x080033e0   0x00000078   Code   RO         2839    i.TIM_OC5_SetConfig  stm32g4xx_hal_tim.o
    0x08003458   0x08003458   0x0000007c   Code   RO         2840    i.TIM_OC6_SetConfig  stm32g4xx_hal_tim.o
    0x080034d4   0x080034d4   0x000000f8   Code   RO         2102    i.UART_AdvFeatureConfig  stm32g4xx_hal_uart.o
    0x080035cc   0x080035cc   0x00000076   Code   RO         2103    i.UART_CheckIdleState  stm32g4xx_hal_uart.o
    0x08003642   0x08003642   0x00000018   Code   RO         2104    i.UART_DMAAbortOnError  stm32g4xx_hal_uart.o
    0x0800365a   0x0800365a   0x00000002   PAD
    0x0800365c   0x0800365c   0x0000006c   Code   RO         2114    i.UART_EndRxTransfer  stm32g4xx_hal_uart.o
    0x080036c8   0x080036c8   0x00000030   Code   RO         2115    i.UART_EndTransmit_IT  stm32g4xx_hal_uart.o
    0x080036f8   0x080036f8   0x000000d2   Code   RO         2117    i.UART_RxISR_16BIT  stm32g4xx_hal_uart.o
    0x080037ca   0x080037ca   0x00000002   PAD
    0x080037cc   0x080037cc   0x000001c8   Code   RO         2118    i.UART_RxISR_16BIT_FIFOEN  stm32g4xx_hal_uart.o
    0x08003994   0x08003994   0x000000ce   Code   RO         2119    i.UART_RxISR_8BIT   stm32g4xx_hal_uart.o
    0x08003a62   0x08003a62   0x00000002   PAD
    0x08003a64   0x08003a64   0x000001c8   Code   RO         2120    i.UART_RxISR_8BIT_FIFOEN  stm32g4xx_hal_uart.o
    0x08003c2c   0x08003c2c   0x000003c8   Code   RO         2121    i.UART_SetConfig    stm32g4xx_hal_uart.o
    0x08003ff4   0x08003ff4   0x00000170   Code   RO         2123    i.UART_Start_Receive_IT  stm32g4xx_hal_uart.o
    0x08004164   0x08004164   0x000000fe   Code   RO         2128    i.UART_WaitOnFlagUntilTimeout  stm32g4xx_hal_uart.o
    0x08004262   0x08004262   0x00000002   PAD
    0x08004264   0x08004264   0x00000050   Code   RO          549    i.USART1_IRQHandler  usart.o
    0x080042b4   0x080042b4   0x00000004   Code   RO          326    i.UsageFault_Handler  stm32g4xx_it.o
    0x080042b8   0x080042b8   0x00000020   Code   RO         4820    i.__0printf         mc_w.l(printfa.o)
    0x080042d8   0x080042d8   0x00000010   Code   RO          876    i.__NVIC_GetPriorityGrouping  stm32g4xx_hal_cortex.o
    0x080042e8   0x080042e8   0x00000028   Code   RO          877    i.__NVIC_SetPriority  stm32g4xx_hal_cortex.o
    0x08004310   0x08004310   0x0000000e   Code   RO         4910    i.__scatterload_copy  mc_w.l(handlers.o)
    0x0800431e   0x0800431e   0x00000002   Code   RO         4911    i.__scatterload_null  mc_w.l(handlers.o)
    0x08004320   0x08004320   0x0000000e   Code   RO         4912    i.__scatterload_zeroinit  mc_w.l(handlers.o)
    0x0800432e   0x0800432e   0x00000002   PAD
    0x08004330   0x08004330   0x00000184   Code   RO         4827    i._fp_digits        mc_w.l(printfa.o)
    0x080044b4   0x080044b4   0x000006dc   Code   RO         4828    i._printf_core      mc_w.l(printfa.o)
    0x08004b90   0x08004b90   0x00000024   Code   RO         4829    i._printf_post_padding  mc_w.l(printfa.o)
    0x08004bb4   0x08004bb4   0x0000002e   Code   RO         4830    i._printf_pre_padding  mc_w.l(printfa.o)
    0x08004be2   0x08004be2   0x00000002   PAD
    0x08004be4   0x08004be4   0x00000060   Code   RO         4552    i.angle_to_tim_val  steering_engine.o
    0x08004c44   0x08004c44   0x000000f8   Code   RO         4279    i.atim_timx_pwm_chy_init  atim.o
    0x08004d3c   0x08004d3c   0x00000014   Code   RO          431    i.delay_init        delay.o
    0x08004d50   0x08004d50   0x00000012   Code   RO          432    i.delay_ms          delay.o
    0x08004d62   0x08004d62   0x00000002   PAD
    0x08004d64   0x08004d64   0x00000048   Code   RO          433    i.delay_us          delay.o
    0x08004dac   0x08004dac   0x0000001c   Code   RO          553    i.fputc             usart.o
    0x08004dc8   0x08004dc8   0x000000b8   Code   RO         4311    i.key_init          key.o
    0x08004e80   0x08004e80   0x00000052   Code   RO         4342    i.lcd_address_set   lcd.o
    0x08004ed2   0x08004ed2   0x00000002   PAD
    0x08004ed4   0x08004ed4   0x00000074   Code   RO         4343    i.lcd_clear         lcd.o
    0x08004f48   0x08004f48   0x00000144   Code   RO         4352    i.lcd_gpio_init     lcd.o
    0x0800508c   0x0800508c   0x000001a4   Code   RO         4353    i.lcd_init          lcd.o
    0x08005230   0x08005230   0x0000006c   Code   RO         4360    i.lcd_spi_send      lcd.o
    0x0800529c   0x0800529c   0x00000020   Code   RO         4361    i.lcd_write_cmd     lcd.o
    0x080052bc   0x080052bc   0x00000020   Code   RO         4362    i.lcd_write_data    lcd.o
    0x080052dc   0x080052dc   0x000000dc   Code   RO           13    i.main              main.o
    0x080053b8   0x080053b8   0x00000070   Code   RO           15    i.parse_cmd         main.o
    0x08005428   0x08005428   0x00000048   Code   RO         4553    i.servo_angle_set   steering_engine.o
    0x08005470   0x08005470   0x00000080   Code   RO         4502    i.spi1_init         spi.o
    0x080054f0   0x080054f0   0x00000020   Code   RO         4503    i.spi1_read_write_byte  spi.o
    0x08005510   0x08005510   0x0000001c   Code   RO         4505    i.spi1_write_data   spi.o
    0x0800552c   0x0800552c   0x000000bc   Code   RO          480    i.sys_stm32_clock_init  sys.o
    0x080055e8   0x080055e8   0x00000038   Code   RO          554    i.usart_init        usart.o
    0x08005620   0x08005620   0x00000018   Data   RO          395    .constdata          system_stm32g4xx.o
    0x08005638   0x08005638   0x00000018   Data   RO         2129    .constdata          stm32g4xx_hal_uart.o
    0x08005650   0x08005650   0x00000040   Data   RO         4906    .constdata          mc_w.l(ctype_c.o)
    0x08005690   0x08005690   0x00000020   Data   RO         4908    Region$$Table       anon$$obj.o


    Execution Region RW_IRAM1 (Exec base: 0x20000000, Load base: 0x080056b0, Size: 0x00003348, Max: 0x00020000, ABSOLUTE)

    Exec Addr    Load Addr    Size         Type   Attr      Idx    E Section Name        Object

    0x20000000   0x080056b0   0x00000004   Data   RW           18    .data               main.o
    0x20000004   0x080056b4   0x00000004   Data   RW          396    .data               system_stm32g4xx.o
    0x20000008   0x080056b8   0x00000004   Data   RW          434    .data               delay.o
    0x2000000c   0x080056bc   0x00000007   Data   RW          556    .data               usart.o
    0x20000013   0x080056c3   0x00000001   PAD
    0x20000014   0x080056c4   0x0000000c   Data   RW          659    .data               stm32g4xx_hal.o
    0x20000020        -       0x00000158   Zero   RW          555    .bss                usart.o
    0x20000178        -       0x00000068   Zero   RW         4280    .bss                atim.o
    0x200001e0        -       0x00002d00   Zero   RW         4364    .bss                lcd.o
    0x20002ee0        -       0x00000064   Zero   RW         4506    .bss                spi.o
    0x20002f44   0x080056d0   0x00000004   PAD
    0x20002f48        -       0x00000400   Zero   RW            1    STACK               startup_stm32g474xx.o


==============================================================================

Image component sizes


      Code (inc. data)   RO Data    RW Data    ZI Data      Debug   Object Name

       384         38          0          0        104       2290   atim.o
       110          8          0          4          0       2055   delay.o
       184          8          0          0          0       1055   key.o
      1114         44          0          0      11520       5922   lcd.o
       332        138          0          4          0     830545   main.o
       324         36          0          0        100       3080   spi.o
        36          8        472          0       1024        980   startup_stm32g474xx.o
       168         18          0          0          0       1397   steering_engine.o
       168         32          0         12          0       4910   stm32g4xx_hal.o
       350         22          0          0          0      35161   stm32g4xx_hal_cortex.o
       266          0          0          0          0       1847   stm32g4xx_hal_dma.o
       470         32          0          0          0       2128   stm32g4xx_hal_gpio.o
       280         12          0          0          0        870   stm32g4xx_hal_pwr_ex.o
      2272        108          0          0          0       7448   stm32g4xx_hal_rcc.o
      2436         12          0          0          0       7880   stm32g4xx_hal_spi.o
      2128        252          0          0          0       9404   stm32g4xx_hal_tim.o
      4634        124         24          0          0      37570   stm32g4xx_hal_uart.o
         6          0          0          0          0       2301   stm32g4xx_hal_uart_ex.o
        32          0          0          0          0       4358   stm32g4xx_it.o
       188         10          0          0          0       1371   sys.o
        20          6         24          4          0       1411   system_stm32g4xx.o
       484         60          0          7        344       5273   usart.o

    ----------------------------------------------------------------------
     16412        968        552         32      13096     969256   Object Totals
         0          0         32          0          0          0   (incl. Generated)
        26          0          0          1          4          0   (incl. Padding)

    ----------------------------------------------------------------------

      Code (inc. data)   RO Data    RW Data    ZI Data      Debug   Library Member Name

        56          8          0          0          0         84   __0sscanf.o
        28          0          0          0          0         68   _chval.o
       812          4          0          0          0        112   _scanf.o
       332          0          0          0          0         96   _scanf_int.o
        64          0          0          0          0         84   _sgetc.o
        40          6         64          0          0         68   ctype_c.o
         0          0          0          0          0          0   entry.o
         0          0          0          0          0          0   entry10a.o
         0          0          0          0          0          0   entry11a.o
         8          4          0          0          0          0   entry2.o
         4          0          0          0          0          0   entry5.o
         0          0          0          0          0          0   entry7b.o
         0          0          0          0          0          0   entry8b.o
         8          4          0          0          0          0   entry9a.o
        30          0          0          0          0          0   handlers.o
        36          8          0          0          0         68   init.o
        10          0          0          0          0         68   isspace_c.o
         0          0          0          0          0          0   iusefp.o
        30          0          0          0          0         68   llshl.o
        36          0          0          0          0         68   llsshr.o
        32          0          0          0          0         68   llushr.o
        36          0          0          0          0        108   memseta.o
      2258         90          0          0          0        452   printfa.o
        40          8          0          0          0         84   scanf_char.o
        44          0          0          0          0         80   uidiv.o
        98          0          0          0          0         92   uldiv.o
        48          0          0          0          0         68   cdrcmple.o
       334          0          0          0          0        148   dadd.o
       222          0          0          0          0        100   ddiv.o
       186          0          0          0          0        176   depilogue.o
        50          0          0          0          0         76   dfixui.o
        48          0          0          0          0         68   dfixul.o
        34          0          0          0          0         76   dflti.o
       228          0          0          0          0         96   dmul.o

    ----------------------------------------------------------------------
      5164        132         64          0          0       2476   Library Totals
        12          0          0          0          0          0   (incl. Padding)

    ----------------------------------------------------------------------

      Code (inc. data)   RO Data    RW Data    ZI Data      Debug   Library Name

      4002        132         64          0          0       1668   mc_w.l
      1150          0          0          0          0        808   mf_w.l

    ----------------------------------------------------------------------
      5164        132         64          0          0       2476   Library Totals

    ----------------------------------------------------------------------

==============================================================================


      Code (inc. data)   RO Data    RW Data    ZI Data      Debug   

     21576       1100        616         32      13096     961336   Grand Totals
     21576       1100        616         32      13096     961336   ELF Image Totals
     21576       1100        616         32          0          0   ROM Totals

==============================================================================

    Total RO  Size (Code + RO Data)                22192 (  21.67kB)
    Total RW  Size (RW Data + ZI Data)             13128 (  12.82kB)
    Total ROM Size (Code + RO Data + RW Data)      22224 (  21.70kB)

==============================================================================

